Component: ARM Compiler 5.06 update 6 (build 750) Tool: armlink [4d35ed]

==============================================================================

Section Cross References

    main.o(.text) refers to _printf_percent.o(.ARM.Collect$$_printf_percent$$00000000) for _printf_percent
    main.o(.text) refers to _printf_d.o(.ARM.Collect$$_printf_percent$$00000009) for _printf_d
    main.o(.text) refers to _printf_dec.o(.text) for _printf_int_dec
    main.o(.text) refers to _printf_f.o(.ARM.Collect$$_printf_percent$$00000003) for _printf_f
    main.o(.text) refers to printf1.o(x$fpl$printf1) for _printf_fp_dec
    main.o(.text) refers to adc.o(.text) for Get_Adc_Average
    main.o(.text) refers to fmul.o(x$fpl$fmul) for __aeabi_fmul
    main.o(.text) refers to fleqf.o(x$fpl$fleqf) for __aeabi_cfcmple
    main.o(.text) refers to f2d.o(x$fpl$f2d) for __aeabi_f2d
    main.o(.text) refers to dmul.o(x$fpl$dmul) for __aeabi_dmul
    main.o(.text) refers to daddsub_clz.o(x$fpl$drsb) for __aeabi_drsub
    main.o(.text) refers to ddiv.o(x$fpl$ddiv) for __aeabi_ddiv
    main.o(.text) refers to d2f.o(x$fpl$d2f) for __aeabi_d2f
    main.o(.text) refers to frleqf.o(x$fpl$frleqf) for __aeabi_cfrcmple
    main.o(.text) refers to daddsub_clz.o(x$fpl$dadd) for __aeabi_dadd
    main.o(.text) refers to ffixu.o(x$fpl$ffixu) for __aeabi_f2uiz
    main.o(.text) refers to ad9854.o(.text) for AD9854SetAmp
    main.o(.text) refers to fflt_clz.o(x$fpl$fflt) for __aeabi_i2f
    main.o(.text) refers to faddsub_clz.o(x$fpl$fadd) for __aeabi_fadd
    main.o(.text) refers to sqrt.o(i.sqrt) for sqrt
    main.o(.text) refers to log.o(i.log) for log
    main.o(.text) refers to fdiv.o(x$fpl$fdiv) for __aeabi_fdiv
    main.o(.text) refers to atan.o(i.atan) for atan
    main.o(.text) refers to faddsub_clz.o(x$fpl$frsb) for __aeabi_frsub
    main.o(.text) refers to ffix.o(x$fpl$ffix) for __aeabi_f2iz
    main.o(.text) refers to lcd.o(.text) for LCD_ShowNum
    main.o(.text) refers to noretval__2printf.o(.text) for __2printf
    main.o(.text) refers to delay.o(.text) for delay_init
    main.o(.text) refers to usart.o(.text) for uart_init
    main.o(.text) refers to main.o(.data) for adc1
    system_stm32f10x.o(.text) refers to system_stm32f10x.o(.data) for SystemCoreClock
    led.o(.text) refers to stm32f10x_rcc.o(.text) for RCC_APB2PeriphClockCmd
    led.o(.text) refers to stm32f10x_gpio.o(.text) for GPIO_Init
    lcd.o(.text) refers to _printf_percent.o(.ARM.Collect$$_printf_percent$$00000000) for _printf_percent
    lcd.o(.text) refers to _printf_x.o(.ARM.Collect$$_printf_percent$$0000000C) for _printf_x
    lcd.o(.text) refers to _printf_hex_int.o(.text) for _printf_longlong_hex
    lcd.o(.text) refers to delay.o(.text) for delay_us
    lcd.o(.text) refers to lcd.o(.bss) for lcddev
    lcd.o(.text) refers to dflt_clz.o(x$fpl$dfltu) for __aeabi_ui2d
    lcd.o(.text) refers to dmul.o(x$fpl$dmul) for __aeabi_dmul
    lcd.o(.text) refers to dfixu.o(x$fpl$dfixu) for __aeabi_d2uiz
    lcd.o(.text) refers to lcd.o(.data) for POINT_COLOR
    lcd.o(.text) refers to stm32f10x_rcc.o(.text) for RCC_APB2PeriphClockCmd
    lcd.o(.text) refers to stm32f10x_gpio.o(.text) for GPIO_PinRemapConfig
    lcd.o(.text) refers to noretval__2printf.o(.text) for __2printf
    lcd.o(.text) refers to lcd.o(.constdata) for asc2_1206
    lcd.o(.text) refers to dleqf.o(x$fpl$dleqf) for __aeabi_cdcmple
    lcd.o(.text) refers to dfixull.o(x$fpl$llufromd) for __aeabi_d2ulz
    lcd.o(.text) refers to dfltll_clz.o(x$fpl$dfltull) for __aeabi_ul2d
    lcd.o(.text) refers to daddsub_clz.o(x$fpl$dsub) for __aeabi_dsub
    lcd.o(.text) refers to daddsub_clz.o(x$fpl$drsb) for __aeabi_drsub
    lcd.o(.text) refers to lludivv7m.o(.text) for __aeabi_uldivmod
    adc.o(.text) refers to stm32f10x_rcc.o(.text) for RCC_APB2PeriphClockCmd
    adc.o(.text) refers to stm32f10x_gpio.o(.text) for GPIO_Init
    adc.o(.text) refers to stm32f10x_adc.o(.text) for ADC_DeInit
    adc.o(.text) refers to delay.o(.text) for delay_us
    key.o(.text) refers to stm32f10x_rcc.o(.text) for RCC_APB2PeriphClockCmd
    key.o(.text) refers to stm32f10x_gpio.o(.text) for GPIO_PinRemapConfig
    key.o(.text) refers to delay.o(.text) for delay_ms
    key.o(.text) refers to key.o(.data) for key_up
    dac.o(.text) refers to stm32f10x_rcc.o(.text) for RCC_APB2PeriphClockCmd
    dac.o(.text) refers to stm32f10x_gpio.o(.text) for GPIO_Init
    dac.o(.text) refers to stm32f10x_dac.o(.text) for DAC_Init
    dac.o(.text) refers to fflt_clz.o(x$fpl$ffltu) for __aeabi_ui2f
    dac.o(.text) refers to fdiv.o(x$fpl$fdiv) for __aeabi_fdiv
    dac.o(.text) refers to fmul.o(x$fpl$fmul) for __aeabi_fmul
    dac.o(.text) refers to f2d.o(x$fpl$f2d) for __aeabi_f2d
    dac.o(.text) refers to ddiv.o(x$fpl$ddiv) for __aeabi_ddiv
    dac.o(.text) refers to d2f.o(x$fpl$d2f) for __aeabi_d2f
    dac.o(.text) refers to ffixu.o(x$fpl$ffixu) for __aeabi_f2uiz
    ad9854.o(.text) refers to stm32f10x_gpio.o(.text) for GPIO_SetBits
[...]
    .text                                    0x08007070   Section       64  startup_stm32f10x_hd.o(.text)
    .text                                    0x080070b0   Section        0  stm32f10x_gpio.o(.text)
    .text                                    0x0800740c   Section        0  stm32f10x_rcc.o(.text)
    .text                                    0x080077b0   Section        0  stm32f10x_usart.o(.text)
    .text                                    0x08007bb8   Section        0  misc.o(.text)
    .text                                    0x08007c94   Section        0  stm32f10x_adc.o(.text)
    .text                                    0x080080e2   Section        2  use_no_semi_2.o(.text)
    .text                                    0x080080e4   Section      238  lludivv7m.o(.text)
    .text                                    0x080081d4   Section        0  noretval__2printf.o(.text)
    .text                                    0x080081ec   Section        0  __printf.o(.text)
    .text                                    0x08008254   Section        0  _printf_dec.o(.text)
    .text                                    0x080082cc   Section        0  _printf_hex_int.o(.text)
    .text                                    0x08008324   Section        0  heapauxi.o(.text)
    .text                                    0x0800832a   Section        2  use_no_semi.o(.text)
    .text                                    0x0800832c   Section        0  _rserrno.o(.text)
    .text                                    0x08008342   Section        0  _printf_intcommon.o(.text)
    .text                                    0x080083f4   Section        0  _printf_fp_dec.o(.text)
    _fp_digits                               0x080083f7   Thumb Code   432  _printf_fp_dec.o(.text)
    .text                                    0x08008814   Section        0  _printf_char_file.o(.text)
    .text                                    0x08008838   Section        8  rt_locale_intlibspace.o(.text)
    .text                                    0x08008840   Section        8  rt_errno_addr_intlibspace.o(.text)
    .text                                    0x08008848   Section      138  lludiv10.o(.text)
    .text                                    0x080088d4   Section        0  _printf_char_common.o(.text)
    _printf_input_char                       0x080088d5   Thumb Code    10  _printf_char_common.o(.text)
    .text                                    0x08008904   Section        0  _printf_fp_infnan.o(.text)
    .text                                    0x08008984   Section        0  bigflt0.o(.text)
    .text                                    0x08008a68   Section        0  ferror.o(.text)
    .text                                    0x08008a70   Section        8  libspace.o(.text)
    .text                                    0x08008a78   Section       74  sys_stackheap_outer.o(.text)
    .text                                    0x08008ac2   Section        0  exit.o(.text)
    .text                                    0x08008ad4   Section      128  strcmpv7m.o(.text)
    CL$$btod_d2e                             0x08008b54   Section       62  btod.o(CL$$btod_d2e)
    CL$$btod_d2e_denorm_low                  0x08008b92   Section       70  btod.o(CL$$btod_d2e_denorm_low)
    CL$$btod_d2e_norm_op1                    0x08008bd8   Section       96  btod.o(CL$$btod_d2e_norm_op1)
    CL$$btod_div_common                      0x08008c38   Section      824  btod.o(CL$$btod_div_common)
    CL$$btod_e2e                             0x08008f70   Section      220  btod.o(CL$$btod_e2e)
    CL$$btod_ediv                            0x0800904c   Section       42  btod.o(CL$$btod_ediv)
    CL$$btod_emul                            0x08009076   Section       42  btod.o(CL$$btod_emul)
    CL$$btod_mult_common                     0x080090a0   Section      580  btod.o(CL$$btod_mult_common)
    i.__ARM_fpclassify                       0x080092e4   Section        0  fpclassify.o(i.__ARM_fpclassify)
    i.__kernel_poly                          0x0800930c   Section        0  poly.o(i.__kernel_poly)
    i.__mathlib_dbl_divzero                  0x080093b8   Section        0  dunder.o(i.__mathlib_dbl_divzero)
    i.__mathlib_dbl_infnan                   0x080093c8   Section        0  dunder.o(i.__mathlib_dbl_infnan)
    i.__mathlib_dbl_invalid                  0x080093ce   Section        0  dunder.o(i.__mathlib_dbl_invalid)
    i.__mathlib_dbl_underflow                0x080093dc   Section        0  dunder.o(i.__mathlib_dbl_underflow)
    i.atan                                   0x080093ec   Section        0  atan.o(i.atan)
    i.log                                    0x0800960c   Section        0  log.o(i.log)
    i.sqrt                                   0x08009968   Section        0  sqrt.o(i.sqrt)
    locale$$code                             0x080099b4   Section       44  lc_numeric_c.o(locale$$code)
    x$fpl$d2f                                0x080099e0   Section       98  d2f.o(x$fpl$d2f)
    x$fpl$dadd                               0x08009a44   Section      336  daddsub_clz.o(x$fpl$dadd)
    _dadd1                                   0x08009a55   Thumb Code     0  daddsub_clz.o(x$fpl$dadd)
    x$fpl$dcheck1                            0x08009b94   Section       16  dcheck1.o(x$fpl$dcheck1)
    x$fpl$dcmpinf                            0x08009ba4   Section       24  dcmpi.o(x$fpl$dcmpinf)
    x$fpl$ddiv                               0x08009bbc   Section      688  ddiv.o(x$fpl$ddiv)
    ddiv_entry                               0x08009bc3   Thumb Code     0  ddiv.o(x$fpl$ddiv)
    x$fpl$deqf                               0x08009e6c   Section      120  deqf.o(x$fpl$deqf)
    x$fpl$dfixu                              0x08009ee4   Section       90  dfixu.o(x$fpl$dfixu)
    x$fpl$dflt                               0x08009f3e   Section       46  dflt_clz.o(x$fpl$dflt)
    x$fpl$dfltu                              0x08009f6c   Section       38  dflt_clz.o(x$fpl$dfltu)
    x$fpl$dfltull                            0x08009f94   Section      138  dfltll_clz.o(x$fpl$dfltull)
    x$fpl$dleqf                              0x0800a020   Section      120  dleqf.o(x$fpl$dleqf)
    x$fpl$dmul                               0x0800a098   Section      340  dmul.o(x$fpl$dmul)
    x$fpl$dnaninf                            0x0800a1ec   Section      156  dnaninf.o(x$fpl$dnaninf)
    x$fpl$dretinf                            0x0800a288   Section       12  dretinf.o(x$fpl$dretinf)
    x$fpl$drsb                               0x0800a294   Section       22  daddsub_clz.o(x$fpl$drsb)
    x$fpl$dsqrt                              0x0800a2ac   Section      460  dsqrt_noumaal.o(x$fpl$dsqrt)
    x$fpl$dsub                               0x0800a478   Section      468  daddsub_clz.o(x$fpl$dsub)
    _dsub1                                   0x0800a489   Thumb Code     0  daddsub_clz.o(x$fpl$dsub)
    x$fpl$f2d                                0x0800a64c   Section       86  f2d.o(x$fpl$f2d)
    x$fpl$fadd                               0x0800a6a4   Section      196  faddsub_clz.o(x$fpl$fadd)
    _fadd1                                   0x0800a6b3   Thumb Code     0  faddsub_clz.o(x$fpl$fadd)
    x$fpl$fcmpinf                            0x0800a768   Section       24  fcmpi.o(x$fpl$fcmpinf)
    x$fpl$fdiv                               0x0800a780   Section      388  fdiv.o(x$fpl$fdiv)
    _fdiv1                                   0x0800a781   Thumb Code     0  fdiv.o(x$fpl$fdiv)
    x$fpl$ffix                               0x0800a904   Section       54  ffix.o(x$fpl$ffix)
    x$fpl$ffixu                              0x0800a93c   Section       62  ffixu.o(x$fpl$ffixu)
    x$fpl$fflt                               0x0800a97c   Section       48  fflt_clz.o(x$fpl$fflt)
    x$fpl$fleqf                              0x0800a9ac   Section      104  fleqf.o(x$fpl$fleqf)
    x$fpl$fmul                               0x0800aa14   Section      258  fmul.o(x$fpl$fmul)
    x$fpl$fnaninf                            0x0800ab16   Section      140  fnaninf.o(x$fpl$fnaninf)
    x$fpl$fretinf                            0x0800aba2   Section       10  fretinf.o(x$fpl$fretinf)
    x$fpl$frleqf                             0x0800abac   Section       98  frleqf.o(x$fpl$frleqf)
    x$fpl$frsb                               0x0800ac0e   Section       20  faddsub_clz.o(x$fpl$frsb)
    x$fpl$fsub                               0x0800ac24   Section      234  faddsub_clz.o(x$fpl$fsub)
    _fsub1                                   0x0800ac33   Thumb Code     0  faddsub_clz.o(x$fpl$fsub)
    x$fpl$llufromd                           0x0800ad10   Section      120  dfixull.o(x$fpl$llufromd)
    x$fpl$printf1                            0x0800ad88   Section        4  printf1.o(x$fpl$printf1)
    x$fpl$retnan                             0x0800ad8c   Section      100  retnan.o(x$fpl$retnan)
    x$fpl$scalbn                             0x0800adf0   Section       92  scalbn.o(x$fpl$scalbn)
    x$fpl$trapveneer                         0x0800ae4c   Section       48  trapv.o(x$fpl$trapveneer)
    .constdata                               0x0800ae7c   Section     6080  lcd.o(.constdata)
    x$fpl$usenofp                            0x0800ae7c   Section        0  usenofp.o(x$fpl$usenofp)
    .constdata                               0x0800c63c   Section       40  _printf_hex_int.o(.constdata)
    uc_hextab                                0x0800c63c   Data          20  _printf_hex_int.o(.constdata)
    lc_hextab                                0x0800c650   Data          20  _printf_hex_int.o(.constdata)
    .constdata                               0x0800c668   Section      152  atan.o(.constdata)
    atanhi                                   0x0800c668   Data          32  atan.o(.constdata)
    atanlo                                   0x0800c688   Data          32  atan.o(.constdata)
    aTodd                                    0x0800c6a8   Data          40  atan.o(.constdata)
    aTeven                                   0x0800c6d0   Data          48  atan.o(.constdata)
    .constdata                               0x0800c700   Section       56  log.o(.constdata)
    Lg2                                      0x0800c700   Data          24  log.o(.constdata)
    Lg                                       0x0800c718   Data          32  log.o(.constdata)
    .constdata                               0x0800c738   Section        8  qnan.o(.constdata)
    .constdata                               0x0800c740   Section      148  bigflt0.o(.constdata)
    tenpwrs_x                                0x0800c740   Data          60  bigflt0.o(.constdata)
    tenpwrs_i                                0x0800c77c   Data          64  bigflt0.o(.constdata)
    locale$$data                             0x0800c7f4   Section       28  lc_numeric_c.o(locale$$data)
    __lcnum_c_name                           0x0800c7f8   Data           2  lc_numeric_c.o(locale$$data)
    __lcnum_c_start                          0x0800c800   Data           0  lc_numeric_c.o(locale$$data)
    __lcnum_c_point                          0x0800c80c   Data           0  lc_numeric_c.o(locale$$data)
    __lcnum_c_thousands                      0x0800c80e   Data           0  lc_numeric_c.o(locale$$data)
    __lcnum_c_grouping                       0x0800c80f   Data           0  lc_numeric_c.o(locale$$data)
    __lcnum_c_end                            0x0800c810   Data           0  lc_numeric_c.o(locale$$data)
    .data                                    0x20000000   Section      120  main.o(.data)
    addr                                     0x20000000   Data          12  main.o(.data)
    addrRead                                 0x2000000c   Data          12  main.o(.data)
    AMPI                                     0x20000018   Data           2  main.o(.data)
    AMPQ                                     0x2000001a   Data           2  main.o(.data)
    freqbg                                   0x2000001c   Data           6  main.o(.data)
    freqend                                  0x20000022   Data           6  main.o(.data)
    freqstep                                 0x20000028   Data           6  main.o(.data)
    freqstay                                 0x2000002e   Data           3  main.o(.data)
    ctr                                      0x20000031   Data           4  main.o(.data)
    ctrsw                                    0x20000035   Data           4  main.o(.data)
    .data                                    0x20000078   Section       20  system_stm32f10x.o(.data)
    .data                                    0x2000008c   Section        4  lcd.o(.data)
    .data                                    0x20000090   Section       63  ad9854.o(.data)
    addr                                     0x20000090   Data          12  ad9854.o(.data)
    addrRead                                 0x2000009c   Data          12  ad9854.o(.data)
    AMPI                                     0x200000a8   Data           2  ad9854.o(.data)
    AMPQ                                     0x200000aa   Data           2  ad9854.o(.data)
    freqbg                                   0x200000ac   Data           6  ad9854.o(.data)
    freqend                                  0x200000b2   Data           6  ad9854.o(.data)
    freqstep                                 0x200000b8   Data           6  ad9854.o(.data)
    freqstay                                 0x200000be   Data           3  ad9854.o(.data)
    ctr                                      0x200000c1   Data           4  ad9854.o(.data)
    ctrsw                                    0x200000c5   Data           4  ad9854.o(.data)
    .data                                    0x200000d0   Section        4  delay.o(.data)
    fac_us                                   0x200000d0   Data           1  delay.o(.data)
    fac_ms                                   0x200000d2   Data           2  delay.o(.data)
    .data                                    0x200000d4   Section        6  usart.o(.data)
    .data                                    0x200000da   Section       20  stm32f10x_rcc.o(.data)
    APBAHBPrescTable                         0x200000da   Data          16  stm32f10x_rcc.o(.data)
    ADCPrescTable                            0x200000ea   Data           4  stm32f10x_rcc.o(.data)
    .bss                                     0x200000f0   Section       14  lcd.o(.bss)
    .bss                                     0x200000fe   Section      200  usart.o(.bss)
    .bss                                     0x200001c8   Section       96  libspace.o(.bss)
    HEAP                                     0x20000228   Section      512  startup_stm32f10x_hd.o(HEAP)
    Heap_Mem                                 0x20000228   Data         512  startup_stm32f10x_hd.o(HEAP)
    STACK                                    0x20000428   Section     1024  startup_stm32f10x_hd.o(STACK)
    Stack_Mem                                0x20000428   Data        1024  startup_stm32f10x_hd.o(STACK)
    __initial_sp                             0x20000828   Data           0  startup_stm32f10x_hd.o(STACK)

    Global Symbols

    Symbol Name                              Value     Ov Type        Size  Object(Section)

    BuildAttributes$$THM_ISAv4$P$D$K$B$S$PE$A:L22UL41UL21$X:L11$S22US41US21$IEEE1$IW$USESV6$~STKCKD$USESV7$~SHL$OTIME$ROPI$IEEEX$EBA8$UX$STANDARDLIB$REQ8$PRES8$EABIv2 0x00000000   Number         0  anon$$obj.o ABSOLUTE
    __ARM_use_no_argv                        0x00000000   Number         0  main.o ABSOLUTE
    __ARM_exceptions_init                     - Undefined Weak Reference
    __alloca_initialize                       - Undefined Weak Reference
    __arm_preinit_                            - Undefined Weak Reference
    __cpp_initialize__aeabi_                  - Undefined Weak Reference
    __cxa_finalize                            - Undefined Weak Reference
    __sigvec_lookup                           - Undefined Weak Reference
    _atexit_init                              - Undefined Weak Reference
    _call_atexit_fns                          - Undefined Weak Reference
    _clock_init                               - Undefined Weak Reference
    _fp_trap_init                             - Undefined Weak Reference
    _fp_trap_shutdown                         - Undefined Weak Reference
    _get_lc_collate                           - Undefined Weak Reference
    _get_lc_ctype                             - Undefined Weak Reference
    _get_lc_monetary                          - Undefined Weak Reference
    _get_lc_time                              - Undefined Weak Reference
    _getenv_init                              - Undefined Weak Reference
    _handle_redirection                       - Undefined Weak Reference
    _init_alloc                               - Undefined Weak Reference
    _init_user_alloc                          - Undefined Weak Reference
    _initio                                   - Undefined Weak Reference
    _mutex_acquire                            - Undefined Weak Reference
    _mutex_release                            - Undefined Weak Reference
    _printf_post_padding                      - Undefined Weak Reference
    _printf_pre_padding                       - Undefined Weak Reference
    _printf_truncate_signed                   - Undefined Weak Reference
    _printf_truncate_unsigned                 - Undefined Weak Reference
    _rand_init                                - Undefined Weak Reference
    _signal_finish                            - Undefined Weak Reference
    _signal_init                              - Undefined Weak Reference
    _terminate_alloc                          - Undefined Weak Reference
    _terminate_user_alloc                     - Undefined Weak Reference
    _terminateio                              - Undefined Weak Reference
    __Vectors_Size                           0x00000130   Number         0  startup_stm32f10x_hd.o ABSOLUTE
    __Vectors                                0x08000000   Data           4  startup_stm32f10x_hd.o(RESET)
    __Vectors_End                            0x08000130   Data           0  startup_stm32f10x_hd.o(RESET)
    __main                                   0x08000131   Thumb Code     8  __main.o(!!!main)
    __scatterload                            0x08000139   Thumb Code     0  __scatter.o(!!!scatter)
    __scatterload_rt2                        0x08000139   Thumb Code    44  __scatter.o(!!!scatter)
    __scatterload_rt2_thumb_only             0x08000139   Thumb Code     0  __scatter.o(!!!scatter)
    __scatterload_null                       0x08000147   Thumb Code     0  __scatter.o(!!!scatter)
    __scatterload_copy                       0x0800016d   Thumb Code    26  __scatter_copy.o(!!handler_copy)
    __scatterload_zeroinit                   0x08000189   Thumb Code    28  __scatter_zi.o(!!handler_zi)
    _printf_f                                0x080001a5   Thumb Code     0  _printf_f.o(.ARM.Collect$$_printf_percent$$00000003)
    _printf_percent                          0x080001a5   Thumb Code     0  _printf_percent.o(.ARM.Collect$$_printf_percent$$00000000)
    _printf_d                                0x080001ab   Thumb Code     0  _printf_d.o(.ARM.Collect$$_printf_percent$$00000009)
    _printf_x                                0x080001b1   Thumb Code     0  _printf_x.o(.ARM.Collect$$_printf_percent$$0000000C)
    _printf_percent_end                      0x080001b7   Thumb Code     0  _printf_percent_end.o(.ARM.Collect$$_printf_percent$$00000017)
    __rt_lib_init                            0x080001bb   Thumb Code     0  libinit.o(.ARM.Collect$$libinit$$00000000)
    __rt_lib_init_fp_1                       0x080001bd   Thumb Code     0  libinit2.o(.ARM.Collect$$libinit$$00000002)
    __rt_lib_init_heap_1                     0x080001bd   Thumb Code     0  libinit2.o(.ARM.Collect$$libinit$$0000000A)
    __rt_lib_init_lc_common                  0x080001bd   Thumb Code     0  libinit2.o(.ARM.Collect$$libinit$$0000000F)
    __rt_lib_init_preinit_1                  0x080001bd   Thumb Code     0  libinit2.o(.ARM.Collect$$libinit$$00000004)
    __rt_lib_init_rand_1                     0x080001bd   Thumb Code     0  libinit2.o(.ARM.Collect$$libinit$$0000000E)
    __rt_lib_init_user_alloc_1               0x080001bd   Thumb Code     0  libinit2.o(.ARM.Collect$$libinit$$0000000C)
    __rt_lib_init_lc_collate_1               0x080001c3   Thumb Code     0  libinit2.o(.ARM.Collect$$libinit$$00000011)
    __rt_lib_init_lc_ctype_1                 0x080001c3   Thumb Code     0  libinit2.o(.ARM.Collect$$libinit$$00000013)
    __rt_lib_init_lc_monetary_1              0x080001c3   Thumb Code     0  libinit2.o(.ARM.Collect$$libinit$$00000015)
    __rt_lib_init_lc_numeric_2               0x080001c3   Thumb Code     0  libinit2.o(.ARM.Collect$$libinit$$00000016)
    __rt_lib_init_alloca_1                   0x080001cd   Thumb Code     0  libinit2.o(.ARM.Collect$$libinit$$0000002E)
    __rt_lib_init_argv_1                     0x080001cd   Thumb Code     0  libinit2.o(.ARM.Collect$$libinit$$0000002C)
    __rt_lib_init_atexit_1                   0x080001cd   Thumb Code     0  libinit2.o(.ARM.Collect$$libinit$$0000001B)
    __rt_lib_init_clock_1                    0x080001cd   Thumb Code     0  libinit2.o(.ARM.Collect$$libinit$$00000021)
    __rt_lib_init_cpp_1                      0x080001cd   Thumb Code     0  libinit2.o(.ARM.Collect$$libinit$$00000032)
    __rt_lib_init_exceptions_1               0x080001cd   Thumb Code     0  libinit2.o(.ARM.Collect$$libinit$$00000030)
    __rt_lib_init_fp_trap_1                  0x080001cd   Thumb Code     0  libinit2.o(.ARM.Collect$$libinit$$0000001F)
    __rt_lib_init_getenv_1                   0x080001cd   Thumb Code     0  libinit2.o(.ARM.Collect$$libinit$$00000023)
    __rt_lib_init_lc_numeric_1               0x080001cd   Thumb Code     0  libinit2.o(.ARM.Collect$$libinit$$00000017)
    __rt_lib_init_lc_time_1                  0x080001cd   Thumb Code     0  libinit2.o(.ARM.Collect$$libinit$$00000019)
    __rt_lib_init_return                     0x080001cd   Thumb Code     0  libinit2.o(.ARM.Collect$$libinit$$00000033)
    __rt_lib_init_signal_1                   0x080001cd   Thumb Code     0  libinit2.o(.ARM.Collect$$libinit$$0000001D)
    __rt_lib_init_stdio_1                    0x080001cd   Thumb Code     0  libinit2.o(.ARM.Collect$$libinit$$00000025)
    __rt_lib_shutdown                        0x080001cf   Thumb Code     0  libshutdown.o(.ARM.Collect$$libshutdown$$00000000)
    __rt_lib_shutdown_cpp_1                  0x080001d1   Thumb Code     0  libshutdown2.o(.ARM.Collect$$libshutdown$$00000002)
    __rt_lib_shutdown_fp_trap_1              0x080001d1   Thumb Code     0  libshutdown2.o(.ARM.Collect$$libshutdown$$00000007)
    __rt_lib_shutdown_heap_1                 0x080001d1   Thumb Code     0  libshutdown2.o(.ARM.Collect$$libshutdown$$0000000F)
    __rt_lib_shutdown_return                 0x080001d1   Thumb Code     0  libshutdown2.o(.ARM.Collect$$libshutdown$$00000010)
    __rt_lib_shutdown_signal_1               0x080001d1   Thumb Code     0  libshutdown2.o(.ARM.Collect$$libshutdown$$0000000A)
    __rt_lib_shutdown_stdio_1                0x080001d1   Thumb Code     0  libshutdown2.o(.ARM.Collect$$libshutdown$$00000004)
    __rt_lib_shutdown_user_alloc_1           0x080001d1   Thumb Code     0  libshutdown2.o(.ARM.Collect$$libshutdown$$0000000C)
    __rt_entry                               0x080001d3   Thumb Code     0  __rtentry.o(.ARM.Collect$$rtentry$$00000000)
    __rt_entry_presh_1                       0x080001d3   Thumb Code     0  __rtentry2.o(.ARM.Collect$$rtentry$$00000002)
    __rt_entry_sh                            0x080001d3   Thumb Code     0  __rtentry4.o(.ARM.Collect$$rtentry$$00000004)
    __rt_entry_li                            0x080001d9   Thumb Code     0  __rtentry2.o(.ARM.Collect$$rtentry$$0000000A)
    __rt_entry_postsh_1                      0x080001d9   Thumb Code     0  __rtentry2.o(.ARM.Collect$$rtentry$$00000009)
    __rt_entry_main                          0x080001dd   Thumb Code     0  __rtentry2.o(.ARM.Collect$$rtentry$$0000000D)
    __rt_entry_postli_1                      0x080001dd   Thumb Code     0  __rtentry2.o(.ARM.Collect$$rtentry$$0000000C)
    __rt_exit                                0x080001e5   Thumb Code     0  rtexit.o(.ARM.Collect$$rtexit$$00000000)
    __rt_exit_ls                             0x080001e7   Thumb Code     0  rtexit2.o(.ARM.Collect$$rtexit$$00000003)
    __rt_exit_prels_1                        0x080001e7   Thumb Code     0  rtexit2.o(.ARM.Collect$$rtexit$$00000002)
    __rt_exit_exit                           0x080001eb   Thumb Code     0  rtexit2.o(.ARM.Collect$$rtexit$$00000004)
    scan_single                              0x080001f1   Thumb Code   862  main.o(.text)
    main                                     0x0800054f   Thumb Code   440  main.o(.text)
    NMI_Handler                              0x08000721   Thumb Code     2  stm32f10x_it.o(.text)
    HardFault_Handler                        0x08000723   Thumb Code     4  stm32f10x_it.o(.text)
    MemManage_Handler                        0x08000727   Thumb Code     4  stm32f10x_it.o(.text)
    BusFault_Handler                         0x0800072b   Thumb Code     4  stm32f10x_it.o(.text)
    UsageFault_Handler                       0x0800072f   Thumb Code     4  stm32f10x_it.o(.text)
    SVC_Handler                              0x08000733   Thumb Code     2  stm32f10x_it.o(.text)
    DebugMon_Handler                         0x08000735   Thumb Code     2  stm32f10x_it.o(.text)
    PendSV_Handler                           0x08000737   Thumb Code     2  stm32f10x_it.o(.text)
    SysTick_Handler                          0x08000739   Thumb Code     2  stm32f10x_it.o(.text)
    SystemInit                               0x0800081b   Thumb Code    78  system_stm32f10x.o(.text)
    SystemCoreClockUpdate                    0x08000869   Thumb Code   142  system_stm32f10x.o(.text)
    LCD_WR_REG                               0x0800091d   Thumb Code    28  lcd.o(.text)
    LCD_WR_DATAX                             0x08000939   Thumb Code    28  lcd.o(.text)
    LCD_RD_DATA                              0x08000955   Thumb Code    98  lcd.o(.text)
    LCD_WriteReg                             0x080009b7   Thumb Code    40  lcd.o(.text)
    LCD_ReadReg                              0x080009df   Thumb Code    16  lcd.o(.text)
    LCD_WriteRAM_Prepare                     0x080009ef   Thumb Code    12  lcd.o(.text)
    LCD_WriteRAM                             0x080009fb   Thumb Code    28  lcd.o(.text)
    LCD_BGR2RGB                              0x08000a17   Thumb Code    26  lcd.o(.text)
    opt_delay                                0x08000a31   Thumb Code    14  lcd.o(.text)
    LCD_SetCursor                            0x08000a3f   Thumb Code   956  lcd.o(.text)
    LCD_ReadPoint                            0x08000dfb   Thumb Code   506  lcd.o(.text)
    LCD_DisplayOn                            0x08000ff5   Thumb Code    92  lcd.o(.text)
    LCD_DisplayOff                           0x08001051   Thumb Code    90  lcd.o(.text)
    LCD_Scan_Dir                             0x080010ab   Thumb Code  1126  lcd.o(.text)
    LCD_DrawPoint                            0x08001511   Thumb Code    52  lcd.o(.text)
    LCD_Fast_DrawPoint                       0x08001545   Thumb Code   854  lcd.o(.text)
    LCD_SSD_BackLightSet                     0x0800189b   Thumb Code   220  lcd.o(.text)
    LCD_Display_Dir                          0x08001977   Thumb Code   444  lcd.o(.text)
    LCD_Set_Window                           0x08001b33   Thumb Code  1078  lcd.o(.text)
    LCD_Clear                                0x08001f69   Thumb Code   122  lcd.o(.text)
    LCD_Init                                 0x08001fe3   Thumb Code 15298  lcd.o(.text)
    LCD_Fill                                 0x08005ba5   Thumb Code   200  lcd.o(.text)
    LCD_Color_Fill                           0x08005c6d   Thumb Code   116  lcd.o(.text)
    LCD_DrawLine                             0x08005ce1   Thumb Code   176  lcd.o(.text)
    LCD_DrawRectangle                        0x08005d91   Thumb Code    60  lcd.o(.text)
    LCD_Draw_Circle                          0x08005dcd   Thumb Code   152  lcd.o(.text)
    LCD_ShowChar                             0x08005e65   Thumb Code   272  lcd.o(.text)
    LCD_Pow                                  0x08005f75   Thumb Code    22  lcd.o(.text)
    LCD_ShowNum                              0x08005f8b   Thumb Code   180  lcd.o(.text)
    LCD_ShowxNum                             0x0800603f   Thumb Code   190  lcd.o(.text)
    LCD_ShowString                           0x080060fd   Thumb Code   102  lcd.o(.text)
    LCD_ShowFloat                            0x08006163   Thumb Code   584  lcd.o(.text)
    LCD_ShowxFloat                           0x080063ab   Thumb Code   590  lcd.o(.text)
    Adc_Init                                 0x080065f9   Thumb Code   132  adc.o(.text)
    Get_Adc                                  0x0800667d   Thumb Code    46  adc.o(.text)
    Get_Adc_Average                          0x080066ab   Thumb Code    46  adc.o(.text)
    Adc2_Init                                0x080066d9   Thumb Code   132  adc.o(.text)
    Get_Adc2                                 0x0800675d   Thumb Code    46  adc.o(.text)
    Get_Adc2_Average                         0x0800678b   Thumb Code    46  adc.o(.text)
    Update_AD9854                            0x080067c9   Thumb Code    26  ad9854.o(.text)
    AD9854WriteByte                          0x080067e3   Thumb Code    80  ad9854.o(.text)
    AD9854IOReset                            0x08006833   Thumb Code    26  ad9854.o(.text)
    AD9854WriteFreqStay                      0x0800684d   Thumb Code    66  ad9854.o(.text)
    AD9854WriteFreqStep                      0x0800688f   Thumb Code    86  ad9854.o(.text)
    AD9854WriteFerqWord2                     0x080068e5   Thumb Code    86  ad9854.o(.text)
    AD9854WriteFreqWord1                     0x0800693b   Thumb Code    86  ad9854.o(.text)
    AD9854WriteCtR                           0x08006991   Thumb Code    74  ad9854.o(.text)
    Freq_SW                                  0x080069db   Thumb Code    38  ad9854.o(.text)
    CalculateFreqWord                        0x08006a01   Thumb Code    96  ad9854.o(.text)
    AD9854WriteFreqSingle                    0x08006a61   Thumb Code   116  ad9854.o(.text)
    AD9854ReadByte                           0x08006ad5   Thumb Code    76  ad9854.o(.text)
    AD9854ReadFreqWord1                      0x08006b21   Thumb Code    80  ad9854.o(.text)
    AD9854ReadFreqSingle                     0x08006b71   Thumb Code   112  ad9854.o(.text)
    AD9854ReadFreqWord2                      0x08006be1   Thumb Code    62  ad9854.o(.text)
    AD9854WritePhaseWord1                    0x08006c1f   Thumb Code    62  ad9854.o(.text)
    AD9854WritePhaseWord2                    0x08006c5d   Thumb Code    62  ad9854.o(.text)
    AD9854Reset                              0x08006c9b   Thumb Code    40  ad9854.o(.text)
    AD9854PortInit                           0x08006cc3   Thumb Code   232  ad9854.o(.text)
    AD9854Init                               0x08006dab   Thumb Code    24  ad9854.o(.text)
    AMP_SETUP                                0x08006dc3   Thumb Code    96  ad9854.o(.text)
    AD9854SetAmp                             0x08006e23   Thumb Code    40  ad9854.o(.text)
    delay_init                               0x08006e5d   Thumb Code    50  delay.o(.text)
    delay_us                                 0x08006e8f   Thumb Code    72  delay.o(.text)
    delay_ms                                 0x08006ed7   Thumb Code    72  delay.o(.text)
    _sys_exit                                0x08006f31   Thumb Code     6  usart.o(.text)
    fputc                                    0x08006f37   Thumb Code    24  usart.o(.text)
    uart_init                                0x08006f4f   Thumb Code   152  usart.o(.text)
    USART1_IRQHandler                        0x08006fe7   Thumb Code   122  usart.o(.text)
    Reset_Handler                            0x08007071   Thumb Code     8  startup_stm32f10x_hd.o(.text)
    ADC1_2_IRQHandler                        0x0800708b   Thumb Code     0  startup_stm32f10x_hd.o(.text)
    ADC3_IRQHandler                          0x0800708b   Thumb Code     0  startup_stm32f10x_hd.o(.text)
    CAN1_RX1_IRQHandler                      0x0800708b   Thumb Code     0  startup_stm32f10x_hd.o(.text)
    CAN1_SCE_IRQHandler                      0x0800708b   Thumb Code     0  startup_stm32f10x_hd.o(.text)
    DMA1_Channel1_IRQHandler                 0x0800708b   Thumb Code     0  startup_stm32f10x_hd.o(.text)
    DMA1_Channel2_IRQHandler                 0x0800708b   Thumb Code     0  startup_stm32f10x_hd.o(.text)
    DMA1_Channel3_IRQHandler                 0x0800708b   Thumb Code     0  startup_stm32f10x_hd.o(.text)
    DMA1_Channel4_IRQHandler                 0x0800708b   Thumb Code     0  startup_stm32f10x_hd.o(.text)
    DMA1_Channel5_IRQHandler                 0x0800708b   Thumb Code     0  startup_stm32f10x_hd.o(.text)
    DMA1_Channel6_IRQHandler                 0x0800708b   Thumb Code     0  startup_stm32f10x_hd.o(.text)
    DMA1_Channel7_IRQHandler                 0x0800708b   Thumb Code     0  startup_stm32f10x_hd.o(.text)
    DMA2_Channel1_IRQHandler                 0x0800708b   Thumb Code     0  startup_stm32f10x_hd.o(.text)
    DMA2_Channel2_IRQHandler                 0x0800708b   Thumb Code     0  startup_stm32f10x_hd.o(.text)
    DMA2_Channel3_IRQHandler                 0x0800708b   Thumb Code     0  startup_stm32f10x_hd.o(.text)
    DMA2_Channel4_5_IRQHandler               0x0800708b   Thumb Code     0  startup_stm32f10x_hd.o(.text)
    EXTI0_IRQHandler                         0x0800708b   Thumb Code     0  startup_stm32f10x_hd.o(.text)
    EXTI15_10_IRQHandler                     0x0800708b   Thumb Code     0  startup_stm32f10x_hd.o(.text)
    EXTI1_IRQHandler                         0x0800708b   Thumb Code     0  startup_stm32f10x_hd.o(.text)
    EXTI2_IRQHandler                         0x0800708b   Thumb Code     0  startup_stm32f10x_hd.o(.text)
    EXTI3_IRQHandler                         0x0800708b   Thumb Code     0  startup_stm32f10x_hd.o(.text)
    EXTI4_IRQHandler                         0x0800708b   Thumb Code     0  startup_stm32f10x_hd.o(.text)
    EXTI9_5_IRQHandler                       0x0800708b   Thumb Code     0  startup_stm32f10x_hd.o(.text)
    FLASH_IRQHandler                         0x0800708b   Thumb Code     0  startup_stm32f10x_hd.o(.text)
    FSMC_IRQHandler                          0x0800708b   Thumb Code     0  startup_stm32f10x_hd.o(.text)
    I2C1_ER_IRQHandler                       0x0800708b   Thumb Code     0  startup_stm32f10x_hd.o(.text)
    I2C1_EV_IRQHandler                       0x0800708b   Thumb Code     0  startup_stm32f10x_hd.o(.text)
    I2C2_ER_IRQHandler                       0x0800708b   Thumb Code     0  startup_stm32f10x_hd.o(.text)
    I2C2_EV_IRQHandler                       0x0800708b   Thumb Code     0  startup_stm32f10x_hd.o(.text)
    PVD_IRQHandler                           0x0800708b   Thumb Code     0  startup_stm32f10x_hd.o(.text)
    RCC_IRQHandler                           0x0800708b   Thumb Code     0  startup_stm32f10x_hd.o(.text)
    RTCAlarm_IRQHandler                      0x0800708b   Thumb Code     0  startup_stm32f10x_hd.o(.text)
    RTC_IRQHandler                           0x0800708b   Thumb Code     0  startup_stm32f10x_hd.o(.text)
    SDIO_IRQHandler                          0x0800708b   Thumb Code     0  startup_stm32f10x_hd.o(.text)
    SPI1_IRQHandler                          0x0800708b   Thumb Code     0  startup_stm32f10x_hd.o(.text)
    SPI2_IRQHandler                          0x0800708b   Thumb Code     0  startup_stm32f10x_hd.o(.text)
    SPI3_IRQHandler                          0x0800708b   Thumb Code     0  startup_stm32f10x_hd.o(.text)
    TAMPER_IRQHandler                        0x0800708b   Thumb Code     0  startup_stm32f10x_hd.o(.text)
    TIM1_BRK_IRQHandler                      0x0800708b   Thumb Code     0  startup_stm32f10x_hd.o(.text)
    TIM1_CC_IRQHandler                       0x0800708b   Thumb Code     0  startup_stm32f10x_hd.o(.text)
    TIM1_TRG_COM_IRQHandler                  0x0800708b   Thumb Code     0  startup_stm32f10x_hd.o(.text)
    TIM1_UP_IRQHandler                       0x0800708b   Thumb Code     0  startup_stm32f10x_hd.o(.text)
    TIM2_IRQHandler                          0x0800708b   Thumb Code     0  startup_stm32f10x_hd.o(.text)
    TIM3_IRQHandler                          0x0800708b   Thumb Code     0  startup_stm32f10x_hd.o(.text)
    TIM4_IRQHandler                          0x0800708b   Thumb Code     0  startup_stm32f10x_hd.o(.text)
    TIM5_IRQHandler                          0x0800708b   Thumb Code     0  startup_stm32f10x_hd.o(.text)
    TIM6_IRQHandler                          0x0800708b   Thumb Code     0  startup_stm32f10x_hd.o(.text)
    TIM7_IRQHandler                          0x0800708b   Thumb Code     0  startup_stm32f10x_hd.o(.text)
    TIM8_BRK_IRQHandler                      0x0800708b   Thumb Code     0  startup_stm32f10x_hd.o(.text)
    TIM8_CC_IRQHandler                       0x0800708b   Thumb Code     0  startup_stm32f10x_hd.o(.text)
    TIM8_TRG_COM_IRQHandler                  0x0800708b   Thumb Code     0  startup_stm32f10x_hd.o(.text)
    TIM8_UP_IRQHandler                       0x0800708b   Thumb Code     0  startup_stm32f10x_hd.o(.text)
    UART4_IRQHandler                         0x0800708b   Thumb Code     0  startup_stm32f10x_hd.o(.text)
    UART5_IRQHandler                         0x0800708b   Thumb Code     0  startup_stm32f10x_hd.o(.text)
    USART2_IRQHandler                        0x0800708b   Thumb Code     0  startup_stm32f10x_hd.o(.text)
    USART3_IRQHandler                        0x0800708b   Thumb Code     0  startup_stm32f10x_hd.o(.text)
    USBWakeUp_IRQHandler                     0x0800708b   Thumb Code     0  startup_stm32f10x_hd.o(.text)
    USB_HP_CAN1_TX_IRQHandler                0x0800708b   Thumb Code     0  startup_stm32f10x_hd.o(.text)
    USB_LP_CAN1_RX0_IRQHandler               0x0800708b   Thumb Code     0  startup_stm32f10x_hd.o(.text)
    WWDG_IRQHandler                          0x0800708b   Thumb Code     0  startup_stm32f10x_hd.o(.text)
    __user_initial_stackheap                 0x0800708d   Thumb Code     0  startup_stm32f10x_hd.o(.text)
    GPIO_DeInit                              0x080070b1   Thumb Code   172  stm32f10x_gpio.o(.text)
    GPIO_AFIODeInit                          0x0800715d   Thumb Code    20  stm32f10x_gpio.o(.text)
    GPIO_Init                                0x08007171   Thumb Code   278  stm32f10x_gpio.o(.text)
    GPIO_StructInit                          0x08007287   Thumb Code    16  stm32f10x_gpio.o(.text)
    GPIO_ReadInputDataBit                    0x08007297   Thumb Code    18  stm32f10x_gpio.o(.text)
    GPIO_ReadInputData                       0x080072a9   Thumb Code     8  stm32f10x_gpio.o(.text)
    GPIO_ReadOutputDataBit                   0x080072b1   Thumb Code    18  stm32f10x_gpio.o(.text)
    GPIO_ReadOutputData                      0x080072c3   Thumb Code     8  stm32f10x_gpio.o(.text)
    GPIO_SetBits                             0x080072cb   Thumb Code     4  stm32f10x_gpio.o(.text)
    GPIO_ResetBits                           0x080072cf   Thumb Code     4  stm32f10x_gpio.o(.text)
    GPIO_WriteBit                            0x080072d3   Thumb Code    10  stm32f10x_gpio.o(.text)
    GPIO_Write                               0x080072dd   Thumb Code     4  stm32f10x_gpio.o(.text)
    GPIO_PinLockConfig                       0x080072e1   Thumb Code    18  stm32f10x_gpio.o(.text)
    GPIO_EventOutputConfig                   0x080072f3   Thumb Code    26  stm32f10x_gpio.o(.text)
    GPIO_EventOutputCmd                      0x0800730d   Thumb Code     6  stm32f10x_gpio.o(.text)
    GPIO_PinRemapConfig                      0x08007313   Thumb Code   138  stm32f10x_gpio.o(.text)
    GPIO_EXTILineConfig                      0x0800739d   Thumb Code    66  stm32f10x_gpio.o(.text)
    GPIO_ETH_MediaInterfaceConfig            0x080073df   Thumb Code     8  stm32f10x_gpio.o(.text)
    RCC_DeInit                               0x0800740d   Thumb Code    64  stm32f10x_rcc.o(.text)
    RCC_HSEConfig                            0x0800744d   Thumb Code    70  stm32f10x_rcc.o(.text)
    RCC_GetFlagStatus                        0x08007493   Thumb Code    56  stm32f10x_rcc.o(.text)
    RCC_WaitForHSEStartUp                    0x080074cb   Thumb Code    56  stm32f10x_rcc.o(.text)
    RCC_AdjustHSICalibrationValue            0x08007503   Thumb Code    20  stm32f10x_rcc.o(.text)
    RCC_HSICmd                               0x08007517   Thumb Code     6  stm32f10x_rcc.o(.text)
    RCC_PLLConfig                            0x0800751d   Thumb Code    24  stm32f10x_rcc.o(.text)
    RCC_PLLCmd                               0x08007535   Thumb Code     6  stm32f10x_rcc.o(.text)
    RCC_SYSCLKConfig                         0x0800753b   Thumb Code    18  stm32f10x_rcc.o(.text)
    RCC_GetSYSCLKSource                      0x0800754d   Thumb Code    10  stm32f10x_rcc.o(.text)
    RCC_HCLKConfig                           0x08007557   Thumb Code    18  stm32f10x_rcc.o(.text)
    RCC_PCLK1Config                          0x08007569   Thumb Code    18  stm32f10x_rcc.o(.text)
    RCC_PCLK2Config                          0x0800757b   Thumb Code    20  stm32f10x_rcc.o(.text)
    RCC_ITConfig                             0x0800758f   Thumb Code    26  stm32f10x_rcc.o(.text)
    RCC_USBCLKConfig                         0x080075a9   Thumb Code     8  stm32f10x_rcc.o(.text)
    RCC_ADCCLKConfig                         0x080075b1   Thumb Code    18  stm32f10x_rcc.o(.text)
    RCC_LSEConfig                            0x080075c3   Thumb Code    50  stm32f10x_rcc.o(.text)
    RCC_LSICmd                               0x080075f5   Thumb Code     6  stm32f10x_rcc.o(.text)
    RCC_RTCCLKConfig                         0x080075fb   Thumb Code    12  stm32f10x_rcc.o(.text)
    RCC_RTCCLKCmd                            0x08007607   Thumb Code     8  stm32f10x_rcc.o(.text)
    RCC_GetClocksFreq                        0x0800760f   Thumb Code   192  stm32f10x_rcc.o(.text)
    RCC_AHBPeriphClockCmd                    0x080076cf   Thumb Code    26  stm32f10x_rcc.o(.text)
    RCC_APB2PeriphClockCmd                   0x080076e9   Thumb Code    26  stm32f10x_rcc.o(.text)
    RCC_APB1PeriphClockCmd                   0x08007703   Thumb Code    26  stm32f10x_rcc.o(.text)
    RCC_APB2PeriphResetCmd                   0x0800771d   Thumb Code    26  stm32f10x_rcc.o(.text)
    RCC_APB1PeriphResetCmd                   0x08007737   Thumb Code    26  stm32f10x_rcc.o(.text)
    RCC_BackupResetCmd                       0x08007751   Thumb Code     8  stm32f10x_rcc.o(.text)
    RCC_ClockSecuritySystemCmd               0x08007759   Thumb Code     6  stm32f10x_rcc.o(.text)
    RCC_MCOConfig                            0x0800775f   Thumb Code     6  stm32f10x_rcc.o(.text)
    RCC_ClearFlag                            0x08007765   Thumb Code    14  stm32f10x_rcc.o(.text)
    RCC_GetITStatus                          0x08007773   Thumb Code    20  stm32f10x_rcc.o(.text)
    RCC_ClearITPendingBit                    0x08007787   Thumb Code     6  stm32f10x_rcc.o(.text)
    USART_DeInit                             0x080077b1   Thumb Code   134  stm32f10x_usart.o(.text)
    USART_Init                               0x08007837   Thumb Code   210  stm32f10x_usart.o(.text)
    USART_StructInit                         0x08007909   Thumb Code    24  stm32f10x_usart.o(.text)
    USART_ClockInit                          0x08007921   Thumb Code    34  stm32f10x_usart.o(.text)
    USART_ClockStructInit                    0x08007943   Thumb Code    12  stm32f10x_usart.o(.text)
    USART_Cmd                                0x0800794f   Thumb Code    24  stm32f10x_usart.o(.text)
    USART_ITConfig                           0x08007967   Thumb Code    74  stm32f10x_usart.o(.text)
    USART_DMACmd                             0x080079b1   Thumb Code    18  stm32f10x_usart.o(.text)
    USART_SetAddress                         0x080079c3   Thumb Code    18  stm32f10x_usart.o(.text)
    USART_WakeUpConfig                       0x080079d5   Thumb Code    18  stm32f10x_usart.o(.text)
    USART_ReceiverWakeUpCmd                  0x080079e7   Thumb Code    24  stm32f10x_usart.o(.text)
    USART_LINBreakDetectLengthConfig         0x080079ff   Thumb Code    18  stm32f10x_usart.o(.text)
    USART_LINCmd                             0x08007a11   Thumb Code    24  stm32f10x_usart.o(.text)
    USART_SendData                           0x08007a29   Thumb Code     8  stm32f10x_usart.o(.text)
    USART_ReceiveData                        0x08007a31   Thumb Code    10  stm32f10x_usart.o(.text)
    USART_SendBreak                          0x08007a3b   Thumb Code    10  stm32f10x_usart.o(.text)
    USART_SetGuardTime                       0x08007a45   Thumb Code    16  stm32f10x_usart.o(.text)
    USART_SetPrescaler                       0x08007a55   Thumb Code    16  stm32f10x_usart.o(.text)
    USART_SmartCardCmd                       0x08007a65   Thumb Code    24  stm32f10x_usart.o(.text)
    USART_SmartCardNACKCmd                   0x08007a7d   Thumb Code    24  stm32f10x_usart.o(.text)
    USART_HalfDuplexCmd                      0x08007a95   Thumb Code    24  stm32f10x_usart.o(.text)
    USART_OverSampling8Cmd                   0x08007aad   Thumb Code    22  stm32f10x_usart.o(.text)
    USART_OneBitMethodCmd                    0x08007ac3   Thumb Code    24  stm32f10x_usart.o(.text)
    USART_IrDAConfig                         0x08007adb   Thumb Code    18  stm32f10x_usart.o(.text)
    USART_IrDACmd                            0x08007aed   Thumb Code    24  stm32f10x_usart.o(.text)
    USART_GetFlagStatus                      0x08007b05   Thumb Code    26  stm32f10x_usart.o(.text)
    USART_ClearFlag                          0x08007b1f   Thumb Code    18  stm32f10x_usart.o(.text)
    USART_GetITStatus                        0x08007b31   Thumb Code    84  stm32f10x_usart.o(.text)
    USART_ClearITPendingBit                  0x08007b85   Thumb Code    52  stm32f10x_usart.o(.text)
    NVIC_PriorityGroupConfig                 0x08007bb9   Thumb Code    10  misc.o(.text)
    NVIC_Init                                0x08007bc3   Thumb Code   100  misc.o(.text)
    NVIC_SetVectorTable                      0x08007c27   Thumb Code    14  misc.o(.text)
    NVIC_SystemLPConfig                      0x08007c35   Thumb Code    34  misc.o(.text)
    SysTick_CLKSourceConfig                  0x08007c57   Thumb Code    40  misc.o(.text)
    ADC_DeInit                               0x08007c95   Thumb Code    78  stm32f10x_adc.o(.text)
    ADC_Init                                 0x08007ce3   Thumb Code    70  stm32f10x_adc.o(.text)
    ADC_StructInit                           0x08007d29   Thumb Code    18  stm32f10x_adc.o(.text)
    ADC_Cmd                                  0x08007d3b   Thumb Code    22  stm32f10x_adc.o(.text)
    ADC_DMACmd                               0x08007d51   Thumb Code    22  stm32f10x_adc.o(.text)
    ADC_ITConfig                             0x08007d67   Thumb Code    24  stm32f10x_adc.o(.text)
    ADC_ResetCalibration                     0x08007d7f   Thumb Code    10  stm32f10x_adc.o(.text)
    ADC_GetResetCalibrationStatus            0x08007d89   Thumb Code    20  stm32f10x_adc.o(.text)
    ADC_StartCalibration                     0x08007d9d   Thumb Code    10  stm32f10x_adc.o(.text)
    ADC_GetCalibrationStatus                 0x08007da7   Thumb Code    20  stm32f10x_adc.o(.text)
    ADC_SoftwareStartConvCmd                 0x08007dbb   Thumb Code    22  stm32f10x_adc.o(.text)
    ADC_GetSoftwareStartConvStatus           0x08007dd1   Thumb Code    20  stm32f10x_adc.o(.text)
    ADC_DiscModeChannelCountConfig           0x08007de5   Thumb Code    24  stm32f10x_adc.o(.text)
    ADC_DiscModeCmd                          0x08007dfd   Thumb Code    22  stm32f10x_adc.o(.text)
    ADC_RegularChannelConfig                 0x08007e13   Thumb Code   184  stm32f10x_adc.o(.text)
    ADC_ExternalTrigConvCmd                  0x08007ecb   Thumb Code    22  stm32f10x_adc.o(.text)
    ADC_GetConversionValue                   0x08007ee1   Thumb Code     8  stm32f10x_adc.o(.text)
    ADC_GetDualModeConversionValue           0x08007ee9   Thumb Code     8  stm32f10x_adc.o(.text)
    ADC_AutoInjectedConvCmd                  0x08007ef1   Thumb Code    22  stm32f10x_adc.o(.text)
    ADC_InjectedDiscModeCmd                  0x08007f07   Thumb Code    22  stm32f10x_adc.o(.text)
    ADC_ExternalTrigInjectedConvConfig       0x08007f1d   Thumb Code    16  stm32f10x_adc.o(.text)
    ADC_ExternalTrigInjectedConvCmd          0x08007f2d   Thumb Code    22  stm32f10x_adc.o(.text)
    ADC_SoftwareStartInjectedConvCmd         0x08007f43   Thumb Code    22  stm32f10x_adc.o(.text)
    ADC_GetSoftwareStartInjectedConvCmdStatus 0x08007f59   Thumb Code    20  stm32f10x_adc.o(.text)
    ADC_InjectedChannelConfig                0x08007f6d   Thumb Code   130  stm32f10x_adc.o(.text)
    ADC_InjectedSequencerLengthConfig        0x08007fef   Thumb Code    24  stm32f10x_adc.o(.text)
    ADC_SetInjectedOffset                    0x08008007   Thumb Code    20  stm32f10x_adc.o(.text)
    ADC_GetInjectedConversionValue           0x0800801b   Thumb Code    28  stm32f10x_adc.o(.text)
    ADC_AnalogWatchdogCmd                    0x08008037   Thumb Code    16  stm32f10x_adc.o(.text)
    ADC_AnalogWatchdogThresholdsConfig       0x08008047   Thumb Code     6  stm32f10x_adc.o(.text)
    ADC_AnalogWatchdogSingleChannelConfig    0x0800804d   Thumb Code    16  stm32f10x_adc.o(.text)
    ADC_TempSensorVrefintCmd                 0x0800805d   Thumb Code    64  stm32f10x_adc.o(.text)
    ADC_GetFlagStatus                        0x0800809d   Thumb Code    18  stm32f10x_adc.o(.text)
    ADC_ClearFlag                            0x080080af   Thumb Code     6  stm32f10x_adc.o(.text)
    ADC_GetITStatus                          0x080080b5   Thumb Code    36  stm32f10x_adc.o(.text)
    ADC_ClearITPendingBit                    0x080080d9   Thumb Code    10  stm32f10x_adc.o(.text)
    __use_no_semihosting                     0x080080e3   Thumb Code     2  use_no_semi_2.o(.text)
    __aeabi_uldivmod                         0x080080e5   Thumb Code     0  lludivv7m.o(.text)
    _ll_udiv                                 0x080080e5   Thumb Code   238  lludivv7m.o(.text)
    __2printf                                0x080081d5   Thumb Code    20  noretval__2printf.o(.text)
    __printf                                 0x080081ed   Thumb Code   104  __printf.o(.text)
    _printf_int_dec                          0x08008255   Thumb Code   104  _printf_dec.o(.text)
    _printf_int_hex                          0x080082cd   Thumb Code    84  _printf_hex_int.o(.text)
    _printf_longlong_hex                     0x080082cd   Thumb Code     0  _printf_hex_int.o(.text)
    __use_two_region_memory                  0x08008325   Thumb Code     2  heapauxi.o(.text)
    __rt_heap_escrow$2region                 0x08008327   Thumb Code     2  heapauxi.o(.text)
    __rt_heap_expand$2region                 0x08008329   Thumb Code     2  heapauxi.o(.text)
    __I$use$semihosting                      0x0800832b   Thumb Code     0  use_no_semi.o(.text)
    __use_no_semihosting_swi                 0x0800832b   Thumb Code     2  use_no_semi.o(.text)
    __read_errno                             0x0800832d   Thumb Code    10  _rserrno.o(.text)
    __set_errno                              0x08008337   Thumb Code    12  _rserrno.o(.text)
    _printf_int_common                       0x08008343   Thumb Code   178  _printf_intcommon.o(.text)
    __lib_sel_fp_printf                      0x080083f5   Thumb Code     2  _printf_fp_dec.o(.text)
    _printf_fp_dec_real                      0x080085a7   Thumb Code   620  _printf_fp_dec.o(.text)
    _printf_char_file                        0x08008815   Thumb Code    32  _printf_char_file.o(.text)
    __rt_locale                              0x08008839   Thumb Code     8  rt_locale_intlibspace.o(.text)
    __aeabi_errno_addr                       0x08008841   Thumb Code     8  rt_errno_addr_intlibspace.o(.text)
    __errno$intlibspace                      0x08008841   Thumb Code     0  rt_errno_addr_intlibspace.o(.text)
    __rt_errno_addr$intlibspace              0x08008841   Thumb Code     0  rt_errno_addr_intlibspace.o(.text)
    _ll_udiv10                               0x08008849   Thumb Code   138  lludiv10.o(.text)
    _printf_char_common                      0x080088df   Thumb Code    32  _printf_char_common.o(.text)
    _printf_fp_infnan                        0x08008905   Thumb Code   112  _printf_fp_infnan.o(.text)
    _btod_etento                             0x08008985   Thumb Code   224  bigflt0.o(.text)
    ferror                                   0x08008a69   Thumb Code     8  ferror.o(.text)
    __user_libspace                          0x08008a71   Thumb Code     8  libspace.o(.text)
    __user_perproc_libspace                  0x08008a71   Thumb Code     0  libspace.o(.text)
    __user_perthread_libspace                0x08008a71   Thumb Code     0  libspace.o(.text)
    __user_setup_stackheap                   0x08008a79   Thumb Code    74  sys_stackheap_outer.o(.text)
    exit                                     0x08008ac3   Thumb Code    18  exit.o(.text)
    strcmp                                   0x08008ad5   Thumb Code   128  strcmpv7m.o(.text)
    _btod_d2e                                0x08008b55   Thumb Code    62  btod.o(CL$$btod_d2e)
    _d2e_denorm_low                          0x08008b93   Thumb Code    70  btod.o(CL$$btod_d2e_denorm_low)
    _d2e_norm_op1                            0x08008bd9   Thumb Code    96  btod.o(CL$$btod_d2e_norm_op1)
    __btod_div_common                        0x08008c39   Thumb Code   696  btod.o(CL$$btod_div_common)
    _e2e                                     0x08008f71   Thumb Code   220  btod.o(CL$$btod_e2e)
    _btod_ediv                               0x0800904d   Thumb Code    42  btod.o(CL$$btod_ediv)
    _btod_emul                               0x08009077   Thumb Code    42  btod.o(CL$$btod_emul)
    __btod_mult_common                       0x080090a1   Thumb Code   580  btod.o(CL$$btod_mult_common)
    __ARM_fpclassify                         0x080092e5   Thumb Code    40  fpclassify.o(i.__ARM_fpclassify)
    __kernel_poly                            0x0800930d   Thumb Code   170  poly.o(i.__kernel_poly)
    __mathlib_dbl_divzero                    0x080093b9   Thumb Code    12  dunder.o(i.__mathlib_dbl_divzero)
    __mathlib_dbl_infnan                     0x080093c9   Thumb Code     6  dunder.o(i.__mathlib_dbl_infnan)
    __mathlib_dbl_invalid                    0x080093cf   Thumb Code    12  dunder.o(i.__mathlib_dbl_invalid)
    __mathlib_dbl_underflow                  0x080093dd   Thumb Code    10  dunder.o(i.__mathlib_dbl_underflow)
    atan                                     0x080093ed   Thumb Code   474  atan.o(i.atan)
    log                                      0x0800960d   Thumb Code   808  log.o(i.log)
    sqrt                                     0x08009969   Thumb Code    76  sqrt.o(i.sqrt)
    _get_lc_numeric                          0x080099b5   Thumb Code    44  lc_numeric_c.o(locale$$code)
    __aeabi_d2f                              0x080099e1   Thumb Code     0  d2f.o(x$fpl$d2f)
    _d2f                                     0x080099e1   Thumb Code    98  d2f.o(x$fpl$d2f)
    __aeabi_dadd                             0x08009a45   Thumb Code     0  daddsub_clz.o(x$fpl$dadd)
    _dadd                                    0x08009a45   Thumb Code   332  daddsub_clz.o(x$fpl$dadd)
    __fpl_dcheck_NaN1                        0x08009b95   Thumb Code    10  dcheck1.o(x$fpl$dcheck1)
    __fpl_dcmp_Inf                           0x08009ba5   Thumb Code    24  dcmpi.o(x$fpl$dcmpinf)
    __aeabi_ddiv                             0x08009bbd   Thumb Code     0  ddiv.o(x$fpl$ddiv)
    _ddiv                                    0x08009bbd   Thumb Code   552  ddiv.o(x$fpl$ddiv)
    __aeabi_cdcmpeq                          0x08009e6d   Thumb Code     0  deqf.o(x$fpl$deqf)
    _dcmpeq                                  0x08009e6d   Thumb Code   120  deqf.o(x$fpl$deqf)
    __aeabi_d2uiz                            0x08009ee5   Thumb Code     0  dfixu.o(x$fpl$dfixu)
    _dfixu                                   0x08009ee5   Thumb Code    90  dfixu.o(x$fpl$dfixu)
    __aeabi_i2d                              0x08009f3f   Thumb Code     0  dflt_clz.o(x$fpl$dflt)
    _dflt                                    0x08009f3f   Thumb Code    46  dflt_clz.o(x$fpl$dflt)
    __aeabi_ui2d                             0x08009f6d   Thumb Code     0  dflt_clz.o(x$fpl$dfltu)
    _dfltu                                   0x08009f6d   Thumb Code    38  dflt_clz.o(x$fpl$dfltu)
    __aeabi_ul2d                             0x08009f95   Thumb Code     0  dfltll_clz.o(x$fpl$dfltull)
    _ll_uto_d                                0x08009f95   Thumb Code   138  dfltll_clz.o(x$fpl$dfltull)
    __aeabi_cdcmple                          0x0800a021   Thumb Code     0  dleqf.o(x$fpl$dleqf)
    _dcmple                                  0x0800a021   Thumb Code   120  dleqf.o(x$fpl$dleqf)
    __fpl_dcmple_InfNaN                      0x0800a083   Thumb Code     0  dleqf.o(x$fpl$dleqf)
    __aeabi_dmul                             0x0800a099   Thumb Code     0  dmul.o(x$fpl$dmul)
    _dmul                                    0x0800a099   Thumb Code   332  dmul.o(x$fpl$dmul)
    __fpl_dnaninf                            0x0800a1ed   Thumb Code   156  dnaninf.o(x$fpl$dnaninf)
    __fpl_dretinf                            0x0800a289   Thumb Code    12  dretinf.o(x$fpl$dretinf)
    __aeabi_drsub                            0x0800a295   Thumb Code     0  daddsub_clz.o(x$fpl$drsb)
    _drsb                                    0x0800a295   Thumb Code    22  daddsub_clz.o(x$fpl$drsb)
    _dsqrt                                   0x0800a2ad   Thumb Code   456  dsqrt_noumaal.o(x$fpl$dsqrt)
    __aeabi_dsub                             0x0800a479   Thumb Code     0  daddsub_clz.o(x$fpl$dsub)
    _dsub                                    0x0800a479   Thumb Code   464  daddsub_clz.o(x$fpl$dsub)
    __aeabi_f2d                              0x0800a64d   Thumb Code     0  f2d.o(x$fpl$f2d)
    _f2d                                     0x0800a64d   Thumb Code    86  f2d.o(x$fpl$f2d)
    __aeabi_fadd                             0x0800a6a5   Thumb Code     0  faddsub_clz.o(x$fpl$fadd)
    _fadd                                    0x0800a6a5   Thumb Code   196  faddsub_clz.o(x$fpl$fadd)
    __fpl_fcmp_Inf                           0x0800a769   Thumb Code    24  fcmpi.o(x$fpl$fcmpinf)
    __aeabi_fdiv                             0x0800a781   Thumb Code     0  fdiv.o(x$fpl$fdiv)
    _fdiv                                    0x0800a781   Thumb Code   384  fdiv.o(x$fpl$fdiv)
    __aeabi_f2iz                             0x0800a905   Thumb Code     0  ffix.o(x$fpl$ffix)
    _ffix                                    0x0800a905   Thumb Code    54  ffix.o(x$fpl$ffix)
    __aeabi_f2uiz                            0x0800a93d   Thumb Code     0  ffixu.o(x$fpl$ffixu)
    _ffixu                                   0x0800a93d   Thumb Code    62  ffixu.o(x$fpl$ffixu)
    __aeabi_i2f                              0x0800a97d   Thumb Code     0  fflt_clz.o(x$fpl$fflt)
    _fflt                                    0x0800a97d   Thumb Code    48  fflt_clz.o(x$fpl$fflt)
    __aeabi_cfcmple                          0x0800a9ad   Thumb Code     0  fleqf.o(x$fpl$fleqf)
    _fcmple                                  0x0800a9ad   Thumb Code   104  fleqf.o(x$fpl$fleqf)
    __fpl_fcmple_InfNaN                      0x0800a9ff   Thumb Code     0  fleqf.o(x$fpl$fleqf)
    __aeabi_fmul                             0x0800aa15   Thumb Code     0  fmul.o(x$fpl$fmul)
    _fmul                                    0x0800aa15   Thumb Code   258  fmul.o(x$fpl$fmul)
    __fpl_fnaninf                            0x0800ab17   Thumb Code   140  fnaninf.o(x$fpl$fnaninf)
    __fpl_fretinf                            0x0800aba3   Thumb Code    10  fretinf.o(x$fpl$fretinf)
    __aeabi_cfrcmple                         0x0800abad   Thumb Code     0  frleqf.o(x$fpl$frleqf)
    _frcmple                                 0x0800abad   Thumb Code    98  frleqf.o(x$fpl$frleqf)
    __aeabi_frsub                            0x0800ac0f   Thumb Code     0  faddsub_clz.o(x$fpl$frsb)
    _frsb                                    0x0800ac0f   Thumb Code    20  faddsub_clz.o(x$fpl$frsb)
    __aeabi_fsub                             0x0800ac25   Thumb Code     0  faddsub_clz.o(x$fpl$fsub)
    _fsub                                    0x0800ac25   Thumb Code   234  faddsub_clz.o(x$fpl$fsub)
    __aeabi_d2ulz                            0x0800ad11   Thumb Code     0  dfixull.o(x$fpl$llufromd)
    _ll_ufrom_d                              0x0800ad11   Thumb Code   120  dfixull.o(x$fpl$llufromd)
    _printf_fp_dec                           0x0800ad89   Thumb Code     4  printf1.o(x$fpl$printf1)
    __fpl_return_NaN                         0x0800ad8d   Thumb Code   100  retnan.o(x$fpl$retnan)
    __ARM_scalbn                             0x0800adf1   Thumb Code    92  scalbn.o(x$fpl$scalbn)
    __fpl_cmpreturn                          0x0800ae4d   Thumb Code    48  trapv.o(x$fpl$trapveneer)
    __I$use$fp                               0x0800ae7c   Number         0  usenofp.o(x$fpl$usenofp)
    asc2_1206                                0x0800ae7c   Data        1140  lcd.o(.constdata)
    asc2_1608                                0x0800b2f0   Data        1520  lcd.o(.constdata)
    asc2_2412                                0x0800b8e0   Data        3420  lcd.o(.constdata)
    __mathlib_zero                           0x0800c738   Data           8  qnan.o(.constdata)
    Region$$Table$$Base                      0x0800c7d4   Number         0  anon$$obj.o(Region$$Table)
    Region$$Table$$Limit                     0x0800c7f4   Number         0  anon$$obj.o(Region$$Table)
    adc1                                     0x2000003c   Data           4  main.o(.data)
    adc2                                     0x20000040   Data           4  main.o(.data)
    vi                                       0x20000044   Data           4  main.o(.data)
    vq                                       0x20000048   Data           4  main.o(.data)
    H_raw                                    0x2000004c   Data           4  main.o(.data)
    H_dB                                     0x20000050   Data           4  main.o(.data)
    phase                                    0x20000054   Data           4  main.o(.data)
    phase_d                                  0x20000058   Data           4  main.o(.data)
    lcd_x_temp                               0x2000005c   Data           4  main.o(.data)
    lcd_x                                    0x20000060   Data           4  main.o(.data)
    lcd_y1                                   0x20000064   Data           4  main.o(.data)
    lcd_y2                                   0x20000068   Data           4  main.o(.data)
    freq                                     0x2000006c   Data           4  main.o(.data)
    xMHz                                     0x20000070   Data           4  main.o(.data)
    fit                                      0x20000074   Data           4  main.o(.data)
    SystemCoreClock                          0x20000078   Data           4  system_stm32f10x.o(.data)
    AHBPrescTable                            0x2000007c   Data          16  system_stm32f10x.o(.data)
    POINT_COLOR                              0x2000008c   Data           2  lcd.o(.data)
    BACK_COLOR                               0x2000008e   Data           2  lcd.o(.data)
    FreqSingle                               0x200000c9   Data           6  ad9854.o(.data)
    __stdout                                 0x200000d4   Data           4  usart.o(.data)
    USART_RX_STA                             0x200000d8   Data           2  usart.o(.data)
    lcddev                                   0x200000f0   Data          14  lcd.o(.bss)
    USART_RX_BUF                             0x200000fe   Data         200  usart.o(.bss)
    __libspace_start                         0x200001c8   Data          96  libspace.o(.bss)
    __temporary_stack_top$libspace           0x20000228   Data           0  libspace.o(.bss)



==============================================================================

Memory Map of the image

  Image Entry point : 0x08000131

  Load Region LR_IROM1 (Base: 0x08000000, Size: 0x0000c900, Max: 0x00040000, ABSOLUTE)

    Execution Region ER_IROM1 (Exec base: 0x08000000, Load base: 0x08000000, Size: 0x0000c810, Max: 0x00040000, ABSOLUTE)

    Exec Addr    Load Addr    Size         Type   Attr      Idx    E Section Name        Object

    0x08000000   0x08000000   0x00000130   Data   RO          379    RESET               startup_stm32f10x_hd.o
    0x08000130   0x08000130   0x00000008   Code   RO          521  * !!!main             c_w.l(__main.o)
    0x08000138   0x08000138   0x00000034   Code   RO          889    !!!scatter          c_w.l(__scatter.o)
    0x0800016c   0x0800016c   0x0000001a   Code   RO          891    !!handler_copy      c_w.l(__scatter_copy.o)
    0x08000186   0x08000186   0x00000002   PAD
    0x08000188   0x08000188   0x0000001c   Code   RO          893    !!handler_zi        c_w.l(__scatter_zi.o)
    0x080001a4   0x080001a4   0x00000000   Code   RO          518    .ARM.Collect$$_printf_percent$$00000000  c_w.l(_printf_percent.o)
    0x080001a4   0x080001a4   0x00000006   Code   RO          517    .ARM.Collect$$_printf_percent$$00000003  c_w.l(_printf_f.o)
    0x080001aa   0x080001aa   0x00000006   Code   RO          516    .ARM.Collect$$_printf_percent$$00000009  c_w.l(_printf_d.o)
    0x080001b0   0x080001b0   0x00000006   Code   RO          515    .ARM.Collect$$_printf_percent$$0000000C  c_w.l(_printf_x.o)
    0x080001b6   0x080001b6   0x00000004   Code   RO          634    .ARM.Collect$$_printf_percent$$00000017  c_w.l(_printf_percent_end.o)
    0x080001ba   0x080001ba   0x00000002   Code   RO          762    .ARM.Collect$$libinit$$00000000  c_w.l(libinit.o)
    0x080001bc   0x080001bc   0x00000000   Code   RO          764    .ARM.Collect$$libinit$$00000002  c_w.l(libinit2.o)
    0x080001bc   0x080001bc   0x00000000   Code   RO          766    .ARM.Collect$$libinit$$00000004  c_w.l(libinit2.o)
    0x080001bc   0x080001bc   0x00000000   Code   RO          769    .ARM.Collect$$libinit$$0000000A  c_w.l(libinit2.o)
    0x080001bc   0x080001bc   0x00000000   Code   RO          771    .ARM.Collect$$libinit$$0000000C  c_w.l(libinit2.o)
    0x080001bc   0x080001bc   0x00000000   Code   RO          773    .ARM.Collect$$libinit$$0000000E  c_w.l(libinit2.o)
    0x080001bc   0x080001bc   0x00000006   Code   RO          774    .ARM.Collect$$libinit$$0000000F  c_w.l(libinit2.o)
    0x080001c2   0x080001c2   0x00000000   Code   RO          776    .ARM.Collect$$libinit$$00000011  c_w.l(libinit2.o)
    0x080001c2   0x080001c2   0x00000000   Code   RO          778    .ARM.Collect$$libinit$$00000013  c_w.l(libinit2.o)
    0x080001c2   0x080001c2   0x00000000   Code   RO          780    .ARM.Collect$$libinit$$00000015  c_w.l(libinit2.o)
    0x080001c2   0x080001c2   0x0000000a   Code   RO          781    .ARM.Collect$$libinit$$00000016  c_w.l(libinit2.o)
    0x080001cc   0x080001cc   0x00000000   Code   RO          782    .ARM.Collect$$libinit$$00000017  c_w.l(libinit2.o)
    0x080001cc   0x080001cc   0x00000000   Code   RO          784    .ARM.Collect$$libinit$$00000019  c_w.l(libinit2.o)
    0x080001cc   0x080001cc   0x00000000   Code   RO          786    .ARM.Collect$$libinit$$0000001B  c_w.l(libinit2.o)
    0x080001cc   0x080001cc   0x00000000   Code   RO          788    .ARM.Collect$$libinit$$0000001D  c_w.l(libinit2.o)
    0x080001cc   0x080001cc   0x00000000   Code   RO          790    .ARM.Collect$$libinit$$0000001F  c_w.l(libinit2.o)
    0x080001cc   0x080001cc   0x00000000   Code   RO          792    .ARM.Collect$$libinit$$00000021  c_w.l(libinit2.o)
    0x080001cc   0x080001cc   0x00000000   Code   RO          794    .ARM.Collect$$libinit$$00000023  c_w.l(libinit2.o)
    0x080001cc   0x080001cc   0x00000000   Code   RO          796    .ARM.Collect$$libinit$$00000025  c_w.l(libinit2.o)
    0x080001cc   0x080001cc   0x00000000   Code   RO          800    .ARM.Collect$$libinit$$0000002C  c_w.l(libinit2.o)
    0x080001cc   0x080001cc   0x00000000   Code   RO          802    .ARM.Collect$$libinit$$0000002E  c_w.l(libinit2.o)
    0x080001cc   0x080001cc   0x00000000   Code   RO          804    .ARM.Collect$$libinit$$00000030  c_w.l(libinit2.o)
    0x080001cc   0x080001cc   0x00000000   Code   RO          806    .ARM.Collect$$libinit$$00000032  c_w.l(libinit2.o)
    0x080001cc   0x080001cc   0x00000002   Code   RO          807    .ARM.Collect$$libinit$$00000033  c_w.l(libinit2.o)
    0x080001ce   0x080001ce   0x00000002   Code   RO          853    .ARM.Collect$$libshutdown$$00000000  c_w.l(libshutdown.o)
    0x080001d0   0x080001d0   0x00000000   Code   RO          872    .ARM.Collect$$libshutdown$$00000002  c_w.l(libshutdown2.o)
    0x080001d0   0x080001d0   0x00000000   Code   RO          874    .ARM.Collect$$libshutdown$$00000004  c_w.l(libshutdown2.o)
    0x080001d0   0x080001d0   0x00000000   Code   RO          877    .ARM.Collect$$libshutdown$$00000007  c_w.l(libshutdown2.o)
    0x080001d0   0x080001d0   0x00000000   Code   RO          880    .ARM.Collect$$libshutdown$$0000000A  c_w.l(libshutdown2.o)
    0x080001d0   0x080001d0   0x00000000   Code   RO          882    .ARM.Collect$$libshutdown$$0000000C  c_w.l(libshutdown2.o)
    0x080001d0   0x080001d0   0x00000000   Code   RO          885    .ARM.Collect$$libshutdown$$0000000F  c_w.l(libshutdown2.o)
    0x080001d0   0x080001d0   0x00000002   Code   RO          886    .ARM.Collect$$libshutdown$$00000010  c_w.l(libshutdown2.o)
    0x080001d2   0x080001d2   0x00000000   Code   RO          621    .ARM.Collect$$rtentry$$00000000  c_w.l(__rtentry.o)
    0x080001d2   0x080001d2   0x00000000   Code   RO          674    .ARM.Collect$$rtentry$$00000002  c_w.l(__rtentry2.o)
    0x080001d2   0x080001d2   0x00000006   Code   RO          686    .ARM.Collect$$rtentry$$00000004  c_w.l(__rtentry4.o)
    0x080001d8   0x080001d8   0x00000000   Code   RO          676    .ARM.Collect$$rtentry$$00000009  c_w.l(__rtentry2.o)
    0x080001d8   0x080001d8   0x00000004   Code   RO          677    .ARM.Collect$$rtentry$$0000000A  c_w.l(__rtentry2.o)
    0x080001dc   0x080001dc   0x00000000   Code   RO          679    .ARM.Collect$$rtentry$$0000000C  c_w.l(__rtentry2.o)
    0x080001dc   0x080001dc   0x00000008   Code   RO          680    .ARM.Collect$$rtentry$$0000000D  c_w.l(__rtentry2.o)
    0x080001e4   0x080001e4   0x00000002   Code   RO          810    .ARM.Collect$$rtexit$$00000000  c_w.l(rtexit.o)
    0x080001e6   0x080001e6   0x00000000   Code   RO          825    .ARM.Collect$$rtexit$$00000002  c_w.l(rtexit2.o)
    0x080001e6   0x080001e6   0x00000004   Code   RO          826    .ARM.Collect$$rtexit$$00000003  c_w.l(rtexit2.o)
    0x080001ea   0x080001ea   0x00000006   Code   RO          827    .ARM.Collect$$rtexit$$00000004  c_w.l(rtexit2.o)
    0x080001f0   0x080001f0   0x00000530   Code   RO            1    .text               main.o
    0x08000720   0x08000720   0x0000001a   Code   RO          141    .text               stm32f10x_it.o
    0x0800073a   0x0800073a   0x00000002   PAD
    0x0800073c   0x0800073c   0x000001e0   Code   RO          182    .text               system_stm32f10x.o
    0x0800091c   0x0800091c   0x00005cdc   Code   RO          212    .text               lcd.o
    0x080065f8   0x080065f8   0x000001d0   Code   RO          242    .text               adc.o
    0x080067c8   0x080067c8   0x00000694   Code   RO          285    .text               ad9854.o
    0x08006e5c   0x08006e5c   0x000000d4   Code   RO          313    .text               delay.o
    0x08006f30   0x08006f30   0x00000140   Code   RO          344    .text               usart.o
    0x08007070   0x08007070   0x00000040   Code   RO          380    .text               startup_stm32f10x_hd.o
    0x080070b0   0x080070b0   0x0000035c   Code   RO          384    .text               stm32f10x_gpio.o
    0x0800740c   0x0800740c   0x000003a4   Code   RO          396    .text               stm32f10x_rcc.o
    0x080077b0   0x080077b0   0x00000408   Code   RO          410    .text               stm32f10x_usart.o
    0x08007bb8   0x08007bb8   0x000000dc   Code   RO          422    .text               misc.o
    0x08007c94   0x08007c94   0x0000044e   Code   RO          434    .text               stm32f10x_adc.o
    0x080080e2   0x080080e2   0x00000002   Code   RO          460    .text               c_w.l(use_no_semi_2.o)
    0x080080e4   0x080080e4   0x000000ee   Code   RO          462    .text               c_w.l(lludivv7m.o)
    0x080081d2   0x080081d2   0x00000002   PAD
    0x080081d4   0x080081d4   0x00000018   Code   RO          468    .text               c_w.l(noretval__2printf.o)
    0x080081ec   0x080081ec   0x00000068   Code   RO          470    .text               c_w.l(__printf.o)
    0x08008254   0x08008254   0x00000078   Code   RO          472    .text               c_w.l(_printf_dec.o)
    0x080082cc   0x080082cc   0x00000058   Code   RO          477    .text               c_w.l(_printf_hex_int.o)
    0x08008324   0x08008324   0x00000006   Code   RO          519    .text               c_w.l(heapauxi.o)
    0x0800832a   0x0800832a   0x00000002   Code   RO          619    .text               c_w.l(use_no_semi.o)
    0x0800832c   0x0800832c   0x00000016   Code   RO          626    .text               c_w.l(_rserrno.o)
    0x08008342   0x08008342   0x000000b2   Code   RO          628    .text               c_w.l(_printf_intcommon.o)
    0x080083f4   0x080083f4   0x0000041e   Code   RO          630    .text               c_w.l(_printf_fp_dec.o)
    0x08008812   0x08008812   0x00000002   PAD
    0x08008814   0x08008814   0x00000024   Code   RO          632    .text               c_w.l(_printf_char_file.o)
    0x08008838   0x08008838   0x00000008   Code   RO          693    .text               c_w.l(rt_locale_intlibspace.o)
    0x08008840   0x08008840   0x00000008   Code   RO          698    .text               c_w.l(rt_errno_addr_intlibspace.o)
    0x08008848   0x08008848   0x0000008a   Code   RO          700    .text               c_w.l(lludiv10.o)
    0x080088d2   0x080088d2   0x00000002   PAD
    0x080088d4   0x080088d4   0x00000030   Code   RO          702    .text               c_w.l(_printf_char_common.o)
    0x08008904   0x08008904   0x00000080   Code   RO          704    .text               c_w.l(_printf_fp_infnan.o)
    0x08008984   0x08008984   0x000000e4   Code   RO          706    .text               c_w.l(bigflt0.o)
    0x08008a68   0x08008a68   0x00000008   Code   RO          731    .text               c_w.l(ferror.o)
    0x08008a70   0x08008a70   0x00000008   Code   RO          742    .text               c_w.l(libspace.o)
    0x08008a78   0x08008a78   0x0000004a   Code   RO          745    .text               c_w.l(sys_stackheap_outer.o)
    0x08008ac2   0x08008ac2   0x00000012   Code   RO          749    .text               c_w.l(exit.o)
    0x08008ad4   0x08008ad4   0x00000080   Code   RO          755    .text               c_w.l(strcmpv7m.o)
    0x08008b54   0x08008b54   0x0000003e   Code   RO          709    CL$$btod_d2e        c_w.l(btod.o)
    0x08008b92   0x08008b92   0x00000046   Code   RO          711    CL$$btod_d2e_denorm_low  c_w.l(btod.o)
    0x08008bd8   0x08008bd8   0x00000060   Code   RO          710    CL$$btod_d2e_norm_op1  c_w.l(btod.o)
    0x08008c38   0x08008c38   0x00000338   Code   RO          719    CL$$btod_div_common  c_w.l(btod.o)
    0x08008f70   0x08008f70   0x000000dc   Code   RO          716    CL$$btod_e2e        c_w.l(btod.o)
    0x0800904c   0x0800904c   0x0000002a   Code   RO          713    CL$$btod_ediv       c_w.l(btod.o)
    0x08009076   0x08009076   0x0000002a   Code   RO          712    CL$$btod_emul       c_w.l(btod.o)
    0x080090a0   0x080090a0   0x00000244   Code   RO          718    CL$$btod_mult_common  c_w.l(btod.o)
    0x080092e4   0x080092e4   0x00000028   Code   RO          668    i.__ARM_fpclassify  m_ws.l(fpclassify.o)
    0x0800930c   0x0800930c   0x000000aa   Code   RO          670    i.__kernel_poly     m_ws.l(poly.o)
    0x080093b6   0x080093b6   0x00000002   PAD
    0x080093b8   0x080093b8   0x00000010   Code   RO          654    i.__mathlib_dbl_divzero  m_ws.l(dunder.o)
    0x080093c8   0x080093c8   0x00000006   Code   RO          655    i.__mathlib_dbl_infnan  m_ws.l(dunder.o)
    0x080093ce   0x080093ce   0x0000000c   Code   RO          657    i.__mathlib_dbl_invalid  m_ws.l(dunder.o)
    0x080093da   0x080093da   0x00000002   PAD
    0x080093dc   0x080093dc   0x00000010   Code   RO          660    i.__mathlib_dbl_underflow  m_ws.l(dunder.o)
    0x080093ec   0x080093ec   0x00000220   Code   RO          592    i.atan              m_ws.l(atan.o)
    0x0800960c   0x0800960c   0x0000035c   Code   RO          602    i.log               m_ws.l(log.o)
    0x08009968   0x08009968   0x0000004c   Code   RO          612    i.sqrt              m_ws.l(sqrt.o)
    0x080099b4   0x080099b4   0x0000002c   Code   RO          736    locale$$code        c_w.l(lc_numeric_c.o)
    0x080099e0   0x080099e0   0x00000062   Code   RO          523    x$fpl$d2f           fz_ws.l(d2f.o)
    0x08009a42   0x08009a42   0x00000002   PAD
    0x08009a44   0x08009a44   0x00000150   Code   RO          525    x$fpl$dadd          fz_ws.l(daddsub_clz.o)
    0x08009b94   0x08009b94   0x00000010   Code   RO          738    x$fpl$dcheck1       fz_ws.l(dcheck1.o)
    0x08009ba4   0x08009ba4   0x00000018   Code   RO          635    x$fpl$dcmpinf       fz_ws.l(dcmpi.o)
    0x08009bbc   0x08009bbc   0x000002b0   Code   RO          532    x$fpl$ddiv          fz_ws.l(ddiv.o)
    0x08009e6c   0x08009e6c   0x00000078   Code   RO          637    x$fpl$deqf          fz_ws.l(deqf.o)
    0x08009ee4   0x08009ee4   0x0000005a   Code   RO          535    x$fpl$dfixu         fz_ws.l(dfixu.o)
    0x08009f3e   0x08009f3e   0x0000002e   Code   RO          544    x$fpl$dflt          fz_ws.l(dflt_clz.o)
    0x08009f6c   0x08009f6c   0x00000026   Code   RO          543    x$fpl$dfltu         fz_ws.l(dflt_clz.o)
    0x08009f92   0x08009f92   0x00000002   PAD
    0x08009f94   0x08009f94   0x0000008a   Code   RO          550    x$fpl$dfltull       fz_ws.l(dfltll_clz.o)
    0x0800a01e   0x0800a01e   0x00000002   PAD
    0x0800a020   0x0800a020   0x00000078   Code   RO          553    x$fpl$dleqf         fz_ws.l(dleqf.o)
    0x0800a098   0x0800a098   0x00000154   Code   RO          555    x$fpl$dmul          fz_ws.l(dmul.o)
    0x0800a1ec   0x0800a1ec   0x0000009c   Code   RO          639    x$fpl$dnaninf       fz_ws.l(dnaninf.o)
    0x0800a288   0x0800a288   0x0000000c   Code   RO          641    x$fpl$dretinf       fz_ws.l(dretinf.o)
    0x0800a294   0x0800a294   0x00000016   Code   RO          526    x$fpl$drsb          fz_ws.l(daddsub_clz.o)
    0x0800a2aa   0x0800a2aa   0x00000002   PAD
    0x0800a2ac   0x0800a2ac   0x000001cc   Code   RO          643    x$fpl$dsqrt         fz_ws.l(dsqrt_noumaal.o)
    0x0800a478   0x0800a478   0x000001d4   Code   RO          527    x$fpl$dsub          fz_ws.l(daddsub_clz.o)
    0x0800a64c   0x0800a64c   0x00000056   Code   RO          557    x$fpl$f2d           fz_ws.l(f2d.o)
    0x0800a6a2   0x0800a6a2   0x00000002   PAD
    0x0800a6a4   0x0800a6a4   0x000000c4   Code   RO          559    x$fpl$fadd          fz_ws.l(faddsub_clz.o)
    0x0800a768   0x0800a768   0x00000018   Code   RO          645    x$fpl$fcmpinf       fz_ws.l(fcmpi.o)
    0x0800a780   0x0800a780   0x00000184   Code   RO          566    x$fpl$fdiv          fz_ws.l(fdiv.o)
    0x0800a904   0x0800a904   0x00000036   Code   RO          569    x$fpl$ffix          fz_ws.l(ffix.o)
    0x0800a93a   0x0800a93a   0x00000002   PAD
    0x0800a93c   0x0800a93c   0x0000003e   Code   RO          573    x$fpl$ffixu         fz_ws.l(ffixu.o)
    0x0800a97a   0x0800a97a   0x00000002   PAD
    0x0800a97c   0x0800a97c   0x00000030   Code   RO          578    x$fpl$fflt          fz_ws.l(fflt_clz.o)
    0x0800a9ac   0x0800a9ac   0x00000068   Code   RO          583    x$fpl$fleqf         fz_ws.l(fleqf.o)
    0x0800aa14   0x0800aa14   0x00000102   Code   RO          585    x$fpl$fmul          fz_ws.l(fmul.o)
    0x0800ab16   0x0800ab16   0x0000008c   Code   RO          647    x$fpl$fnaninf       fz_ws.l(fnaninf.o)
    0x0800aba2   0x0800aba2   0x0000000a   Code   RO          649    x$fpl$fretinf       fz_ws.l(fretinf.o)
    0x0800abac   0x0800abac   0x00000062   Code   RO          587    x$fpl$frleqf        fz_ws.l(frleqf.o)
    0x0800ac0e   0x0800ac0e   0x00000014   Code   RO          560    x$fpl$frsb          fz_ws.l(faddsub_clz.o)
    0x0800ac22   0x0800ac22   0x00000002   PAD
    0x0800ac24   0x0800ac24   0x000000ea   Code   RO          561    x$fpl$fsub          fz_ws.l(faddsub_clz.o)
    0x0800ad0e   0x0800ad0e   0x00000002   PAD
    0x0800ad10   0x0800ad10   0x00000078   Code   RO          539    x$fpl$llufromd      fz_ws.l(dfixull.o)
    0x0800ad88   0x0800ad88   0x00000004   Code   RO          589    x$fpl$printf1       fz_ws.l(printf1.o)
    0x0800ad8c   0x0800ad8c   0x00000064   Code   RO          808    x$fpl$retnan        fz_ws.l(retnan.o)
    0x0800adf0   0x0800adf0   0x0000005c   Code   RO          651    x$fpl$scalbn        fz_ws.l(scalbn.o)
    0x0800ae4c   0x0800ae4c   0x00000030   Code   RO          822    x$fpl$trapveneer    fz_ws.l(trapv.o)
    0x0800ae7c   0x0800ae7c   0x00000000   Code   RO          653    x$fpl$usenofp       fz_ws.l(usenofp.o)
    0x0800ae7c   0x0800ae7c   0x000017c0   Data   RO          214    .constdata          lcd.o
    0x0800c63c   0x0800c63c   0x00000028   Data   RO          478    .constdata          c_w.l(_printf_hex_int.o)
    0x0800c664   0x0800c664   0x00000004   PAD
    0x0800c668   0x0800c668   0x00000098   Data   RO          593    .constdata          m_ws.l(atan.o)
    0x0800c700   0x0800c700   0x00000038   Data   RO          603    .constdata          m_ws.l(log.o)
    0x0800c738   0x0800c738   0x00000008   Data   RO          672    .constdata          m_ws.l(qnan.o)
    0x0800c740   0x0800c740   0x00000094   Data   RO          707    .constdata          c_w.l(bigflt0.o)
    0x0800c7d4   0x0800c7d4   0x00000020   Data   RO          887    Region$$Table       anon$$obj.o
    0x0800c7f4   0x0800c7f4   0x0000001c   Data   RO          735    locale$$data        c_w.l(lc_numeric_c.o)


    Execution Region RW_IRAM1 (Exec base: 0x20000000, Load base: 0x0800c810, Size: 0x00000828, Max: 0x0000c000, ABSOLUTE)

    Exec Addr    Load Addr    Size         Type   Attr      Idx    E Section Name        Object

    0x20000000   0x0800c810   0x00000078   Data   RW            2    .data               main.o
    0x20000078   0x0800c888   0x00000014   Data   RW          183    .data               system_stm32f10x.o
    0x2000008c   0x0800c89c   0x00000004   Data   RW          215    .data               lcd.o
    0x20000090   0x0800c8a0   0x0000003f   Data   RW          287    .data               ad9854.o
    0x200000cf   0x0800c8df   0x00000001   PAD
    0x200000d0   0x0800c8e0   0x00000004   Data   RW          314    .data               delay.o
    0x200000d4   0x0800c8e4   0x00000006   Data   RW          346    .data               usart.o
    0x200000da   0x0800c8ea   0x00000014   Data   RW          397    .data               stm32f10x_rcc.o
    0x200000ee   0x0800c8fe   0x00000002   PAD
    0x200000f0        -       0x0000000e   Zero   RW          213    .bss                lcd.o
    0x200000fe        -       0x000000c8   Zero   RW          345    .bss                usart.o
    0x200001c6   0x0800c8fe   0x00000002   PAD
    0x200001c8        -       0x00000060   Zero   RW          743    .bss                c_w.l(libspace.o)
    0x20000228        -       0x00000200   Zero   RW          378    HEAP                startup_stm32f10x_hd.o
    0x20000428        -       0x00000400   Zero   RW          377    STACK               startup_stm32f10x_hd.o


==============================================================================

Image component sizes


      Code (inc. data)   RO Data    RW Data    ZI Data      Debug   Object Name

      1684         66          0         63          0       5936   ad9854.o
       464         16          0          0          0       1843   adc.o
       212         18          0          4          0        971   delay.o
     23772        212       6080          4         14      26456   lcd.o
      1328        202          0        120          0     244999   main.o
       220         22          0          0          0       1729   misc.o
        64         26        304          0       1536        764   startup_stm32f10x_hd.o
      1102         26          0          0          0      10969   stm32f10x_adc.o
       860         38          0          0          0       5661   stm32f10x_gpio.o
        26          0          0          0          0       1142   stm32f10x_it.o
       932         36          0         20          0       8800   stm32f10x_rcc.o
      1032         22          0          0          0       8384   stm32f10x_usart.o
         0          0          0          0          0         32   sys.o
       480         38          0         20          0       1631   system_stm32f10x.o
       320         16          0          6        200       3062   usart.o

    ----------------------------------------------------------------------
     32498        738       6416        240       1752     322379   Object Totals
         0          0         32          0          0          0   (incl. Generated)
         2          0          0          3          2          0   (incl. Padding)

    ----------------------------------------------------------------------

      Code (inc. data)   RO Data    RW Data    ZI Data      Debug   Library Member Name

         8          0          0          0          0         68   __main.o
       104          0          0          0          0         84   __printf.o
         0          0          0          0          0          0   __rtentry.o
        12          0          0          0          0          0   __rtentry2.o
         6          0          0          0          0          0   __rtentry4.o
        52          8          0          0          0          0   __scatter.o
        26          0          0          0          0          0   __scatter_copy.o
        28          0          0          0          0          0   __scatter_zi.o
        48          6          0          0          0         96   _printf_char_common.o
        36          4          0          0          0         80   _printf_char_file.o
         6          0          0          0          0          0   _printf_d.o
       120         16          0          0          0         92   _printf_dec.o
         6          0          0          0          0          0   _printf_f.o
      1054          0          0          0          0        216   _printf_fp_dec.o
       128         16          0          0          0         84   _printf_fp_infnan.o
        88          4         40          0          0         88   _printf_hex_int.o
       178          0          0          0          0         88   _printf_intcommon.o
         0          0          0          0          0          0   _printf_percent.o
         4          0          0          0          0          0   _printf_percent_end.o
         6          0          0          0          0          0   _printf_x.o
        22          0          0          0          0        100   _rserrno.o
       228          4        148          0          0         96   bigflt0.o
      1936        128          0          0          0        672   btod.o
        18          0          0          0          0         80   exit.o
         8          0          0          0          0         68   ferror.o
         6          0          0          0          0        152   heapauxi.o
        44         10         28          0          0         76   lc_numeric_c.o
         2          0          0          0          0          0   libinit.o
        18          0          0          0          0          0   libinit2.o
         2          0          0          0          0          0   libshutdown.o
         2          0          0          0          0          0   libshutdown2.o
         8          4          0          0         96         68   libspace.o
       138          0          0          0          0         80   lludiv10.o
       238          0          0          0          0        100   lludivv7m.o
        24          4          0          0          0         84   noretval__2printf.o
         8          4          0          0          0         68   rt_errno_addr_intlibspace.o
         8          4          0          0          0         68   rt_locale_intlibspace.o
         2          0          0          0          0          0   rtexit.o
        10          0          0          0          0          0   rtexit2.o
       128          0          0          0          0         68   strcmpv7m.o
        74          0          0          0          0         80   sys_stackheap_outer.o
         2          0          0          0          0         68   use_no_semi.o
         2          0          0          0          0         68   use_no_semi_2.o
        98          4          0          0          0         92   d2f.o
       826         16          0          0          0        348   daddsub_clz.o
        16          4          0          0          0         68   dcheck1.o
        24          0          0          0          0         68   dcmpi.o
       688        140          0          0          0        208   ddiv.o
       120          4          0          0          0         92   deqf.o
        90          4          0          0          0         92   dfixu.o
       120          4          0          0          0        104   dfixull.o
        84          0          0          0          0        136   dflt_clz.o
       138          0          0          0          0         84   dfltll_clz.o
       120          4          0          0          0         92   dleqf.o
       340         12          0          0          0        104   dmul.o
       156          4          0          0          0         92   dnaninf.o
        12          0          0          0          0         68   dretinf.o
       460         56          0          0          0        120   dsqrt_noumaal.o
        86          4          0          0          0         84   f2d.o
       450          8          0          0          0        236   faddsub_clz.o
        24          0          0          0          0         68   fcmpi.o
       388         76          0          0          0         96   fdiv.o
        54          4          0          0          0         84   ffix.o
        62          4          0          0          0         84   ffixu.o
        48          0          0          0          0         68   fflt_clz.o
       104          4          0          0          0         84   fleqf.o
       258          4          0          0          0         84   fmul.o
       140          4          0          0          0         84   fnaninf.o
        10          0          0          0          0         68   fretinf.o
        98          0          0          0          0         68   frleqf.o
         4          0          0          0          0         68   printf1.o
       100          0          0          0          0         68   retnan.o
        92          0          0          0          0         68   scalbn.o
        48          0          0          0          0         68   trapv.o
         0          0          0          0          0          0   usenofp.o
       544         70        152          0          0        124   atan.o
        50         10          0          0          0        272   dunder.o
        40          0          0          0          0         68   fpclassify.o
       860         52         56          0          0        256   log.o
       170          0          0          0          0         96   poly.o
         0          0          8          0          0          0   qnan.o
        76          0          0          0          0         84   sqrt.o

    ----------------------------------------------------------------------
     11866        704        436          0         96       6940   Library Totals
        30          0          4          0          0          0   (incl. Padding)

    ----------------------------------------------------------------------

      Code (inc. data)   RO Data    RW Data    ZI Data      Debug   Library Name

      4838        212        216          0         96       2892   c_w.l
      5258        360          0          0          0       3148   fz_ws.l
      1740        132        216          0          0        900   m_ws.l

    ----------------------------------------------------------------------
     11866        704        436          0         96       6940   Library Totals

    ----------------------------------------------------------------------

==============================================================================


      Code (inc. data)   RO Data    RW Data    ZI Data      Debug   

     44364       1442       6852        240       1848     324323   Grand Totals
     44364       1442       6852        240       1848     324323   ELF Image Totals
     44364       1442       6852        240          0          0   ROM Totals

==============================================================================

    Total RO  Size (Code + RO Data)                51216 (  50.02kB)
    Total RW  Size (RW Data + ZI Data)              2088 (   2.04kB)
    Total ROM Size (Code + RO Data + RW Data)      51456 (  50.25kB)

==============================================================================

